Archive member included to satisfy reference by file (symbol)

c:/program files/microchip/xc32/v4.45/bin/bin/../../lib/gcc/pic32c/8.3.1/../../../../pic32c/lib/thumb/v7e-m+fp/hard\libpic32c.a(data_init.o)
                              build/default/production/_ext/1171490990/startup_xc32.o (__pic32c_data_initialization)
c:/program files/microchip/xc32/v4.45/bin/bin/../../lib/gcc/pic32c/8.3.1/../../../../pic32c/lib/thumb/v7e-m+fp/hard\libc-size-musl.a(memcpy.o)
                              build/default/production/_ext/60165182/plib_can0.o (memcpy)
c:/program files/microchip/xc32/v4.45/bin/bin/../../lib/gcc/pic32c/8.3.1/../../../../pic32c/lib/thumb/v7e-m+fp/hard\libc-size-musl.a(memset.o)
                              build/default/production/_ext/60165182/plib_can0.o (memset)
c:/program files/microchip/xc32/v4.45/bin/bin/../../lib/gcc/pic32c/8.3.1/../../../../pic32c/lib/thumb/v7e-m+fp/hard\libc-musl.a(__libc_start_main.o)
                              build/default/production/_ext/1171490990/startup_xc32.o (__libc_init_array)
c:/program files/microchip/xc32/v4.45/bin/bin/../../lib/gcc/pic32c/8.3.1/../../../../pic32c/lib/thumb/v7e-m+fp/hard\libc-musl.a(libc.o)
                              c:/program files/microchip/xc32/v4.45/bin/bin/../../lib/gcc/pic32c/8.3.1/../../../../pic32c/lib/thumb/v7e-m+fp/hard\libc-musl.a(__libc_start_main.o) (__progname_full)
c:/program files/microchip/xc32/v4.45/bin/bin/../../lib/gcc/pic32c/8.3.1/../../../../pic32c/lib/thumb/v7e-m+fp/hard\libc-musl.a(__environ.o)
                              c:/program files/microchip/xc32/v4.45/bin/bin/../../lib/gcc/pic32c/8.3.1/../../../../pic32c/lib/thumb/v7e-m+fp/hard\libc-musl.a(__libc_start_main.o) (__environ)
c:/program files/microchip/xc32/v4.45/bin/bin/../../lib/gcc/pic32c/8.3.1/../../../../pic32c/lib/thumb/v7e-m+fp/hard\libpic32c.a(pic32_data_init_clear.o)
                              (__dinit_clear_needed)
c:/program files/microchip/xc32/v4.45/bin/bin/../../lib/gcc/pic32c/8.3.1/../../../../pic32c/lib/thumb/v7e-m+fp/hard\libpic32c.a(pic32_data_init_copy.o)
                              (__dinit_copy_needed)

Microchip PIC32 Memory-Usage Report

ROM Program-Memory Usage
section                    address  length [bytes]      (dec)  Description
-------                 ----------  -------------------------  -----------
.vectors                    0x2000          0x260         608   
.text                       0x2260           0x20          32  App's exec code 
.text.MET_Can_Protocol_     0x2280          0x410        1040   
.text.motorCalibModeMan     0x2690          0x228         552   
.text.CAN0_InterruptHan     0x28b8          0x180         384   
.text.CLOCK_Initialize      0x2a38          0x174         372   
.text.motorActivationMo     0x2bac          0x160         352   
.text.motorServiceModeM     0x2d0c          0x150         336   
.text.MET_Can_Protocol_     0x2e5c          0x128         296   
.dinit                      0x2f84          0x110         272   
.text.PORT_Initialize       0x3094           0xec         236   
.text.motorLoop             0x3180           0xbc         188   
.text.CAN0_MessageTrans     0x323c           0xac         172   
.text.CAN0_MessageRAMCo     0x32e8           0x90         144   
.text.Reset_Handler         0x3378           0x90         144   
.text.main                  0x3408           0x84         132   
.text.ApplicationProtoc     0x348c           0x80         128   
.text.CAN0_Initialize       0x350c           0x80         128   
.text.motorDisableModeM     0x358c           0x7c         124   
.text.NVIC_Initialize       0x3608           0x74         116   
.text.motorUpdateStatus     0x367c           0x6c         108   
.text.getKeyPressed         0x36e8           0x68         104   
.text.ADC1_Initialize       0x3750           0x5c          92   
.text.ADC0_Initialize       0x37ac           0x5c          92   
.text.__libc_start_init     0x3808           0x5c          92   
.text.MET_Can_AppRestar     0x3864           0x58          88   
.text.motorSetPower         0x38bc           0x58          88   
.text.CAN0_MessageRecei     0x3914           0x4c          76   
.text.RTC_Initialize        0x3960           0x44          68   
.text.TC0_TimerInitiali     0x39a4           0x44          68   
.text                       0x39e8           0x40          64  App's exec code 
.text.SYS_Initialize        0x3a28           0x40          64   
.text.TC1_CompareInitia     0x3a68           0x3c          60   
.text.TC5_CompareInitia     0x3aa4           0x3c          60   
.text.TC4_CompareInitia     0x3ae0           0x3c          60   
.text.TC3_CompareInitia     0x3b1c           0x3c          60   
.text.TC2_CompareInitia     0x3b58           0x3c          60   
.text.CAN0_ErrorGet         0x3b94           0x3a          58   
.text.EVSYS_Initialize      0x3bce            0x2           2   
.text.MET_Can_Protocol_     0x3bd0           0x38          56   
[...]
Memory Configuration

Name             Origin             Length             Attributes
rom              0x0000000000002000 0x00000000000fe000 xrl
ram              0x0000000020000010 0x000000000003fff0 xw !r
tcm              0x0000000003000000 0x0000000000000000 xw
config_00804000  0x0000000000804000 0x0000000000000004
config_00804008  0x0000000000804008 0x0000000000000004
config_00804004  0x0000000000804004 0x0000000000000004
*default*        0x0000000000000000 0xffffffffffffffff

Linker script and memory map

LOAD c:/program files/microchip/xc32/v4.45/bin/bin/../../lib/gcc/pic32c/8.3.1/thumb/v7e-m+fp/hard/crti.o
LOAD c:/program files/microchip/xc32/v4.45/bin/bin/../../lib/gcc/pic32c/8.3.1/thumb/v7e-m+fp/hard/crtbegin.o
LOAD build/default/production/_ext/1042908558/protocol.o
LOAD build/default/production/_ext/1894469536/MET_can_protocol.o
LOAD build/default/production/_ext/60165182/plib_can0.o
LOAD build/default/production/_ext/1984496892/plib_clock.o
LOAD build/default/production/_ext/1865131932/plib_cmcc.o
LOAD build/default/production/_ext/1986646378/plib_evsys.o
LOAD build/default/production/_ext/1865468468/plib_nvic.o
LOAD build/default/production/_ext/1593096446/plib_nvmctrl.o
LOAD build/default/production/_ext/1865521619/plib_port.o
LOAD build/default/production/_ext/60180175/plib_rtc_timer.o
LOAD build/default/production/_ext/829342655/plib_tc0.o
LOAD build/default/production/_ext/829342655/plib_tc1.o
LOAD build/default/production/_ext/829342655/plib_tc5.o
LOAD build/default/production/_ext/829342655/plib_tc4.o
LOAD build/default/production/_ext/829342655/plib_tc3.o
LOAD build/default/production/_ext/829342655/plib_tc2.o
LOAD build/default/production/_ext/163028504/xc32_monitor.o
LOAD build/default/production/_ext/1171490990/initialization.o
LOAD build/default/production/_ext/1171490990/interrupts.o
LOAD build/default/production/_ext/1171490990/exceptions.o
LOAD build/default/production/_ext/1171490990/startup_xc32.o
LOAD build/default/production/_ext/1171490990/libc_syscalls.o
LOAD build/default/production/_ext/1360937237/main.o
LOAD build/default/production/_ext/60163342/plib_adc1.o
LOAD build/default/production/_ext/60163342/plib_adc0.o
LOAD build/default/production/_ext/1023676168/motors.o
                0x0000000000000001                __MPLAB_BUILD = 0x1
                0x0000000000100000                __rom_end = (ORIGIN (rom) + LENGTH (rom))
                0x0000000020040000                __ram_end = (ORIGIN (ram) + LENGTH (ram))

.config_00804000
 *(.config_00804000)

.config_00804008
 *(.config_00804008)

.config_00804004
 *(.config_00804004)

.vectors        0x0000000000002000      0x260
                0x0000000000002000                . = ALIGN (0x4)
                0x0000000000002000                _sfixed = .
 *(.vectors .vectors.* .vectors_default .vectors_default.*)
 .vectors.exception_table
                0x0000000000002000      0x260 build/default/production/_ext/1171490990/interrupts.o
                0x0000000000002000                exception_table
 *(.isr_vector)
 *(.reset*)
 *(.after_vectors)

.text           0x0000000000002260       0x20
                0x0000000000002260                . = ALIGN (0x4)
 *(.glue_7t)
 .glue_7t       0x0000000000002260        0x0 linker stubs
 *(.glue_7)
 .glue_7        0x0000000000002260        0x0 linker stubs
 *(.gnu.linkonce.r.*)
 *(.ARM.extab* .gnu.linkonce.armextab.*)
                0x0000000000002260                . = ALIGN (0x4)
 *(.init)
 .init          0x0000000000002260        0x4 c:/program files/microchip/xc32/v4.45/bin/bin/../../lib/gcc/pic32c/8.3.1/thumb/v7e-m+fp/hard/crti.o
                0x0000000000002260                _init
 .init          0x0000000000002264        0x8 c:/program files/microchip/xc32/v4.45/bin/bin/../../lib/gcc/pic32c/8.3.1/thumb/v7e-m+fp/hard/crtn.o
                0x000000000000226c                . = ALIGN (0x4)
                0x000000000000226c                __preinit_array_start = .
 *(.preinit_array)
                0x000000000000226c                __preinit_array_end = .
                0x000000000000226c                . = ALIGN (0x4)
                0x000000000000226c                __init_array_start = .
 *(SORT_BY_NAME(.init_array.*))
 *(.init_array)
 .init_array    0x000000000000226c        0x4 c:/program files/microchip/xc32/v4.45/bin/bin/../../lib/gcc/pic32c/8.3.1/thumb/v7e-m+fp/hard/crtbegin.o
                0x0000000000002270                __init_array_end = .
                0x0000000000002270                . = ALIGN (0x4)
 *crtbegin.o(.ctors)
 *(EXCLUDE_FILE(*crtend.o) .ctors)
 *(SORT_BY_NAME(.ctors.*))
 *crtend.o(.ctors)
                0x0000000000002270                . = ALIGN (0x4)
 *(.fini)
 .fini          0x0000000000002270        0x4 c:/program files/microchip/xc32/v4.45/bin/bin/../../lib/gcc/pic32c/8.3.1/thumb/v7e-m+fp/hard/crti.o
                0x0000000000002270                _fini
 .fini          0x0000000000002274        0x8 c:/program files/microchip/xc32/v4.45/bin/bin/../../lib/gcc/pic32c/8.3.1/thumb/v7e-m+fp/hard/crtn.o
                0x000000000000227c                . = ALIGN (0x4)
                0x000000000000227c                __fini_array_start = .
 *(.fini_array)
 .fini_array    0x000000000000227c        0x4 c:/program files/microchip/xc32/v4.45/bin/bin/../../lib/gcc/pic32c/8.3.1/thumb/v7e-m+fp/hard/crtbegin.o
 *(SORT_BY_NAME(.fini_array.*))
                0x0000000000002280                __fini_array_end = .
 *crtbegin.o(.dtors)
 *(EXCLUDE_FILE(*crtend.o) .dtors)
 *(SORT_BY_NAME(.dtors.*))
 *crtend.o(.dtors)
                0x0000000000002280                . = ALIGN (0x4)
                0x0000000000002280                _efixed = .
                [!provide]                        PROVIDE (__exidx_start = .)

.ARM.exidx
 *(.ARM.exidx* .gnu.linkonce.armexidx.*)
                [!provide]                        PROVIDE (__exidx_end = .)
                0x0000000000002280                . = ALIGN (0x4)
                0x0000000000002280                _etext = .

.bss            0x0000000020000010        0x0
                0x0000000020000010                . = ALIGN (0x4)
                0x0000000020000010                __bss_start__ = .
                0x0000000020000010                _sbss = .
                0x0000000020000010                _szero = .
 *(COMMON)
                0x0000000020000010                . = ALIGN (0x4)
                0x0000000020000010                __bss_end__ = .
                0x0000000020000010                _ebss = .
                0x0000000020000010                _ezero = .
                0x0000000020000010                . = ALIGN (0x4)
                0x0000000020000010                _end = .
                0x000000002003ffff                _ram_end_ = ((ORIGIN (ram) + LENGTH (ram)) - 0x1)
                0x0000000000000200                _min_heap_size = 0x200
START GROUP
LOAD c:/program files/microchip/xc32/v4.45/bin/bin/../../lib/gcc/pic32c/8.3.1/../../../../pic32c/lib/thumb/v7e-m+fp/hard\libpic32c.a
LOAD c:/program files/microchip/xc32/v4.45/bin/bin/../../lib/gcc/pic32c/8.3.1/../../../../pic32c/lib/thumb/v7e-m+fp/hard\libc-size-musl.a
LOAD c:/program files/microchip/xc32/v4.45/bin/bin/../../lib/gcc/pic32c/8.3.1/../../../../pic32c/lib/thumb/v7e-m+fp/hard\liblmalloc-musl.a
LOAD c:/program files/microchip/xc32/v4.45/bin/bin/../../lib/gcc/pic32c/8.3.1/../../../../pic32c/lib/thumb/v7e-m+fp/hard\libm-fast-emfloat.a
LOAD c:/program files/microchip/xc32/v4.45/bin/bin/../../lib/gcc/pic32c/8.3.1/../../../../pic32c/lib/thumb/v7e-m+fp/hard\libm-musl.a
LOAD c:/program files/microchip/xc32/v4.45/bin/bin/../../lib/gcc/pic32c/8.3.1/../../../../pic32c/lib/thumb/v7e-m+fp/hard\libc-musl.a
LOAD c:/program files/microchip/xc32/v4.45/bin/bin/../../lib/gcc/pic32c/8.3.1/../../../../pic32c/lib/thumb/v7e-m+fp/hard\libm-fast-emfloat.a
LOAD c:/program files/microchip/xc32/v4.45/bin/bin/../../lib/gcc/pic32c/8.3.1/../../../../pic32c/lib/thumb/v7e-m+fp/hard\libm-musl.a
LOAD c:/program files/microchip/xc32/v4.45/bin/bin/../../lib/gcc/pic32c/8.3.1/thumb/v7e-m+fp/hard\libgcc.a
END GROUP
LOAD c:/program files/microchip/xc32/v4.45/bin/bin/../../lib/gcc/pic32c/8.3.1/thumb/v7e-m+fp/hard/crtend.o
LOAD c:/program files/microchip/xc32/v4.45/bin/bin/../../lib/gcc/pic32c/8.3.1/thumb/v7e-m+fp/hard/crtn.o
OUTPUT(dist/default/production/FW325.X.production.elf elf32-littlearm)
LOAD data_init
LOAD stack

.ARM.attributes
                0x0000000000000000       0x34
 .ARM.attributes
                0x0000000000000000       0x1e c:/program files/microchip/xc32/v4.45/bin/bin/../../lib/gcc/pic32c/8.3.1/thumb/v7e-m+fp/hard/crti.o
 .ARM.attributes
                0x000000000000001e       0x34 c:/program files/microchip/xc32/v4.45/bin/bin/../../lib/gcc/pic32c/8.3.1/thumb/v7e-m+fp/hard/crtbegin.o
 .ARM.attributes
                0x0000000000000052       0x34 build/default/production/_ext/1042908558/protocol.o
 .ARM.attributes
                0x0000000000000086       0x34 build/default/production/_ext/1894469536/MET_can_protocol.o
 .ARM.attributes
                0x00000000000000ba       0x34 build/default/production/_ext/60165182/plib_can0.o
 .ARM.attributes
                0x00000000000000ee       0x34 build/default/production/_ext/1984496892/plib_clock.o
 .ARM.attributes
                0x0000000000000122       0x34 build/default/production/_ext/1986646378/plib_evsys.o
 .ARM.attributes
                0x0000000000000156       0x34 build/default/production/_ext/1865468468/plib_nvic.o
 .ARM.attributes
                0x000000000000018a       0x34 build/default/production/_ext/1593096446/plib_nvmctrl.o
 .ARM.attributes
                0x00000000000001be       0x34 build/default/production/_ext/1865521619/plib_port.o
 .ARM.attributes
                0x00000000000001f2       0x34 build/default/production/_ext/60180175/plib_rtc_timer.o
 .ARM.attributes
                0x0000000000000226       0x34 build/default/production/_ext/829342655/plib_tc0.o
 .ARM.attributes
                0x000000000000025a       0x34 build/default/production/_ext/829342655/plib_tc1.o
 .ARM.attributes
                0x000000000000028e       0x34 build/default/production/_ext/829342655/plib_tc5.o
 .ARM.attributes
                0x00000000000002c2       0x34 build/default/production/_ext/829342655/plib_tc4.o
 .ARM.attributes
                0x00000000000002f6       0x34 build/default/production/_ext/829342655/plib_tc3.o
 .ARM.attributes
                0x000000000000032a       0x34 build/default/production/_ext/829342655/plib_tc2.o
 .ARM.attributes
                0x000000000000035e       0x34 build/default/production/_ext/1171490990/initialization.o
 .ARM.attributes
                0x0000000000000392       0x34 build/default/production/_ext/1171490990/interrupts.o
 .ARM.attributes
                0x00000000000003c6       0x34 build/default/production/_ext/1171490990/exceptions.o
 .ARM.attributes
                0x00000000000003fa       0x34 build/default/production/_ext/1171490990/startup_xc32.o
 .ARM.attributes
                0x000000000000042e       0x34 build/default/production/_ext/1360937237/main.o
 .ARM.attributes
                0x0000000000000462       0x34 build/default/production/_ext/60163342/plib_adc1.o
 .ARM.attributes
                0x0000000000000496       0x34 build/default/production/_ext/60163342/plib_adc0.o
 .ARM.attributes
                0x00000000000004ca       0x34 build/default/production/_ext/1023676168/motors.o
 .ARM.attributes
                0x00000000000004fe       0x34 c:/program files/microchip/xc32/v4.45/bin/bin/../../lib/gcc/pic32c/8.3.1/../../../../pic32c/lib/thumb/v7e-m+fp/hard\libpic32c.a(data_init.o)
 .ARM.attributes
                0x0000000000000532       0x36 c:/program files/microchip/xc32/v4.45/bin/bin/../../lib/gcc/pic32c/8.3.1/../../../../pic32c/lib/thumb/v7e-m+fp/hard\libc-size-musl.a(memcpy.o)
 .ARM.attributes
                0x0000000000000568       0x36 c:/program files/microchip/xc32/v4.45/bin/bin/../../lib/gcc/pic32c/8.3.1/../../../../pic32c/lib/thumb/v7e-m+fp/hard\libc-size-musl.a(memset.o)
 .ARM.attributes
                0x000000000000059e       0x36 c:/program files/microchip/xc32/v4.45/bin/bin/../../lib/gcc/pic32c/8.3.1/../../../../pic32c/lib/thumb/v7e-m+fp/hard\libc-musl.a(__libc_start_main.o)
 .ARM.attributes
                0x00000000000005d4       0x34 c:/program files/microchip/xc32/v4.45/bin/bin/../../lib/gcc/pic32c/8.3.1/../../../../pic32c/lib/thumb/v7e-m+fp/hard\libc-musl.a(libc.o)
 .ARM.attributes
                0x0000000000000608       0x34 c:/program files/microchip/xc32/v4.45/bin/bin/../../lib/gcc/pic32c/8.3.1/../../../../pic32c/lib/thumb/v7e-m+fp/hard\libc-musl.a(__environ.o)
 .ARM.attributes
                0x000000000000063c       0x1e c:/program files/microchip/xc32/v4.45/bin/bin/../../lib/gcc/pic32c/8.3.1/thumb/v7e-m+fp/hard/crtn.o
 .ARM.attributes
                0x000000000000065a       0x34 c:/program files/microchip/xc32/v4.45/bin/bin/../../lib/gcc/pic32c/8.3.1/../../../../pic32c/lib/thumb/v7e-m+fp/hard\libpic32c.a(pic32_data_init_clear.o)
 .ARM.attributes
                0x000000000000068e       0x34 c:/program files/microchip/xc32/v4.45/bin/bin/../../lib/gcc/pic32c/8.3.1/../../../../pic32c/lib/thumb/v7e-m+fp/hard\libpic32c.a(pic32_data_init_copy.o)

.comment        0x0000000000000000       0x2b
 .comment       0x0000000000000000       0x2b c:/program files/microchip/xc32/v4.45/bin/bin/../../lib/gcc/pic32c/8.3.1/thumb/v7e-m+fp/hard/crtbegin.o
                                         0x2c (size before relaxing)
 .comment       0x000000000000002b       0x2c build/default/production/_ext/1042908558/protocol.o
 .comment       0x000000000000002b       0x2c build/default/production/_ext/1894469536/MET_can_protocol.o
 .comment       0x000000000000002b       0x2c build/default/production/_ext/60165182/plib_can0.o
 .comment       0x000000000000002b       0x2c build/default/production/_ext/1984496892/plib_clock.o
 .comment       0x000000000000002b       0x2c build/default/production/_ext/1986646378/plib_evsys.o
 .comment       0x000000000000002b       0x2c build/default/production/_ext/1865468468/plib_nvic.o
 .comment       0x000000000000002b       0x2c build/default/production/_ext/1593096446/plib_nvmctrl.o
 .comment       0x000000000000002b       0x2c build/default/production/_ext/1865521619/plib_port.o
 .comment       0x000000000000002b       0x2c build/default/production/_ext/60180175/plib_rtc_timer.o
 .comment       0x000000000000002b       0x2c build/default/production/_ext/829342655/plib_tc0.o
 .comment       0x000000000000002b       0x2c build/default/production/_ext/829342655/plib_tc1.o
 .comment       0x000000000000002b       0x2c build/default/production/_ext/829342655/plib_tc5.o
 .comment       0x000000000000002b       0x2c build/default/production/_ext/829342655/plib_tc4.o
 .comment       0x000000000000002b       0x2c build/default/production/_ext/829342655/plib_tc3.o
 .comment       0x000000000000002b       0x2c build/default/production/_ext/829342655/plib_tc2.o
 .comment       0x000000000000002b       0x2c build/default/production/_ext/1171490990/initialization.o
 .comment       0x000000000000002b       0x2c build/default/production/_ext/1171490990/interrupts.o
 .comment       0x000000000000002b       0x2c build/default/production/_ext/1171490990/exceptions.o
 .comment       0x000000000000002b       0x2c build/default/production/_ext/1171490990/startup_xc32.o
 .comment       0x000000000000002b       0x2c build/default/production/_ext/1360937237/main.o
 .comment       0x000000000000002b       0x2c build/default/production/_ext/60163342/plib_adc1.o
 .comment       0x000000000000002b       0x2c build/default/production/_ext/60163342/plib_adc0.o
 .comment       0x000000000000002b       0x2c build/default/production/_ext/1023676168/motors.o
 .comment       0x000000000000002b       0x2c c:/program files/microchip/xc32/v4.45/bin/bin/../../lib/gcc/pic32c/8.3.1/../../../../pic32c/lib/thumb/v7e-m+fp/hard\libpic32c.a(data_init.o)
 .comment       0x000000000000002b       0x2c c:/program files/microchip/xc32/v4.45/bin/bin/../../lib/gcc/pic32c/8.3.1/../../../../pic32c/lib/thumb/v7e-m+fp/hard\libc-size-musl.a(memcpy.o)
 .comment       0x000000000000002b       0x2c c:/program files/microchip/xc32/v4.45/bin/bin/../../lib/gcc/pic32c/8.3.1/../../../../pic32c/lib/thumb/v7e-m+fp/hard\libc-size-musl.a(memset.o)
 .comment       0x000000000000002b       0x2c c:/program files/microchip/xc32/v4.45/bin/bin/../../lib/gcc/pic32c/8.3.1/../../../../pic32c/lib/thumb/v7e-m+fp/hard\libc-musl.a(__libc_start_main.o)
 .comment       0x000000000000002b       0x2c c:/program files/microchip/xc32/v4.45/bin/bin/../../lib/gcc/pic32c/8.3.1/../../../../pic32c/lib/thumb/v7e-m+fp/hard\libc-musl.a(libc.o)
 .comment       0x000000000000002b       0x2c c:/program files/microchip/xc32/v4.45/bin/bin/../../lib/gcc/pic32c/8.3.1/../../../../pic32c/lib/thumb/v7e-m+fp/hard\libc-musl.a(__environ.o)
 .comment       0x000000000000002b       0x2c c:/program files/microchip/xc32/v4.45/bin/bin/../../lib/gcc/pic32c/8.3.1/../../../../pic32c/lib/thumb/v7e-m+fp/hard\libpic32c.a(pic32_data_init_clear.o)
 .comment       0x000000000000002b       0x2c c:/program files/microchip/xc32/v4.45/bin/bin/../../lib/gcc/pic32c/8.3.1/../../../../pic32c/lib/thumb/v7e-m+fp/hard\libpic32c.a(pic32_data_init_copy.o)

.debug_info     0x0000000000000000     0xc468
 .debug_info    0x0000000000000000      0x5f4 build/default/production/_ext/1042908558/protocol.o
 .debug_info    0x00000000000005f4     0x1388 build/default/production/_ext/1894469536/MET_can_protocol.o
 .debug_info    0x000000000000197c     0x1156 build/default/production/_ext/60165182/plib_can0.o
 .debug_info    0x0000000000002ad2      0x658 build/default/production/_ext/1984496892/plib_clock.o
 .debug_info    0x000000000000312a       0x9b build/default/production/_ext/1986646378/plib_evsys.o
 .debug_info    0x00000000000031c5      0xc92 build/default/production/_ext/1865468468/plib_nvic.o
 .debug_info    0x0000000000003e57      0x71a build/default/production/_ext/1593096446/plib_nvmctrl.o
 .debug_info    0x0000000000004571      0x6df build/default/production/_ext/1865521619/plib_port.o
 .debug_info    0x0000000000004c50      0xa9d build/default/production/_ext/60180175/plib_rtc_timer.o
 .debug_info    0x00000000000056ed      0x7f1 build/default/production/_ext/829342655/plib_tc0.o
 .debug_info    0x0000000000005ede      0x8a4 build/default/production/_ext/829342655/plib_tc1.o
 .debug_info    0x0000000000006782      0x8a4 build/default/production/_ext/829342655/plib_tc5.o
 .debug_info    0x0000000000007026      0x8a4 build/default/production/_ext/829342655/plib_tc4.o
 .debug_info    0x00000000000078ca      0x8a4 build/default/production/_ext/829342655/plib_tc3.o
 .debug_info    0x000000000000816e      0x8a4 build/default/production/_ext/829342655/plib_tc2.o
 .debug_info    0x0000000000008a12      0x211 build/default/production/_ext/1171490990/initialization.o
 .debug_info    0x0000000000008c23      0xa6c build/default/production/_ext/1171490990/interrupts.o
 .debug_info    0x000000000000968f      0x10f build/default/production/_ext/1171490990/exceptions.o
 .debug_info    0x000000000000979e      0x5b1 build/default/production/_ext/1171490990/startup_xc32.o
 .debug_info    0x0000000000009d4f      0x40a build/default/production/_ext/1360937237/main.o
 .debug_info    0x000000000000a159      0x68a build/default/production/_ext/60163342/plib_adc1.o
 .debug_info    0x000000000000a7e3      0x68a build/default/production/_ext/60163342/plib_adc0.o
 .debug_info    0x000000000000ae6d      0xd72 build/default/production/_ext/1023676168/motors.o
 .debug_info    0x000000000000bbdf       0x54 c:/program files/microchip/xc32/v4.45/bin/bin/../../lib/gcc/pic32c/8.3.1/../../../../pic32c/lib/thumb/v7e-m+fp/hard\libpic32c.a(data_init.o)
 .debug_info    0x000000000000bc33       0xf3 c:/program files/microchip/xc32/v4.45/bin/bin/../../lib/gcc/pic32c/8.3.1/../../../../pic32c/lib/thumb/v7e-m+fp/hard\libc-size-musl.a(memcpy.o)
 .debug_info    0x000000000000bd26       0xbb c:/program files/microchip/xc32/v4.45/bin/bin/../../lib/gcc/pic32c/8.3.1/../../../../pic32c/lib/thumb/v7e-m+fp/hard\libc-size-musl.a(memset.o)
 .debug_info    0x000000000000bde1      0x2fb c:/program files/microchip/xc32/v4.45/bin/bin/../../lib/gcc/pic32c/8.3.1/../../../../pic32c/lib/thumb/v7e-m+fp/hard\libc-musl.a(__libc_start_main.o)
 .debug_info    0x000000000000c0dc      0x276 c:/program files/microchip/xc32/v4.45/bin/bin/../../lib/gcc/pic32c/8.3.1/../../../../pic32c/lib/thumb/v7e-m+fp/hard\libc-musl.a(libc.o)
 .debug_info    0x000000000000c352       0x97 c:/program files/microchip/xc32/v4.45/bin/bin/../../lib/gcc/pic32c/8.3.1/../../../../pic32c/lib/thumb/v7e-m+fp/hard\libc-musl.a(__environ.o)
 .debug_info    0x000000000000c3e9       0x3f c:/program files/microchip/xc32/v4.45/bin/bin/../../lib/gcc/pic32c/8.3.1/../../../../pic32c/lib/thumb/v7e-m+fp/hard\libpic32c.a(pic32_data_init_clear.o)
 .debug_info    0x000000000000c428       0x40 c:/program files/microchip/xc32/v4.45/bin/bin/../../lib/gcc/pic32c/8.3.1/../../../../pic32c/lib/thumb/v7e-m+fp/hard\libpic32c.a(pic32_data_init_copy.o)

.debug_abbrev   0x0000000000000000     0x2be5
 .debug_abbrev  0x0000000000000000      0x19c build/default/production/_ext/1042908558/protocol.o
 .debug_abbrev  0x000000000000019c      0x446 build/default/production/_ext/1894469536/MET_can_protocol.o
 .debug_abbrev  0x00000000000005e2      0x33a build/default/production/_ext/60165182/plib_can0.o
 .debug_abbrev  0x000000000000091c      0x10b build/default/production/_ext/1984496892/plib_clock.o
 .debug_abbrev  0x0000000000000a27       0x46 build/default/production/_ext/1986646378/plib_evsys.o
 .debug_abbrev  0x0000000000000a6d      0x20f build/default/production/_ext/1865468468/plib_nvic.o
 .debug_abbrev  0x0000000000000c7c      0x1fa build/default/production/_ext/1593096446/plib_nvmctrl.o
 .debug_abbrev  0x0000000000000e76      0x1cd build/default/production/_ext/1865521619/plib_port.o
 .debug_abbrev  0x0000000000001043      0x1d1 build/default/production/_ext/60180175/plib_rtc_timer.o
 .debug_abbrev  0x0000000000001214      0x1be build/default/production/_ext/829342655/plib_tc0.o
 .debug_abbrev  0x00000000000013d2      0x1dc build/default/production/_ext/829342655/plib_tc1.o
 .debug_abbrev  0x00000000000015ae      0x1dc build/default/production/_ext/829342655/plib_tc5.o
 .debug_abbrev  0x000000000000178a      0x1dc build/default/production/_ext/829342655/plib_tc4.o
 .debug_abbrev  0x0000000000001966      0x1dc build/default/production/_ext/829342655/plib_tc3.o
 .debug_abbrev  0x0000000000001b42      0x1dc build/default/production/_ext/829342655/plib_tc2.o
 .debug_abbrev  0x0000000000001d1e       0x96 build/default/production/_ext/1171490990/initialization.o
 .debug_abbrev  0x0000000000001db4       0xc0 build/default/production/_ext/1171490990/interrupts.o
 .debug_abbrev  0x0000000000001e74       0x49 build/default/production/_ext/1171490990/exceptions.o
 .debug_abbrev  0x0000000000001ebd      0x1fe build/default/production/_ext/1171490990/startup_xc32.o
 .debug_abbrev  0x00000000000020bb      0x13c build/default/production/_ext/1360937237/main.o
 .debug_abbrev  0x00000000000021f7      0x161 build/default/production/_ext/60163342/plib_adc1.o
 .debug_abbrev  0x0000000000002358      0x161 build/default/production/_ext/60163342/plib_adc0.o
 .debug_abbrev  0x00000000000024b9      0x2c6 build/default/production/_ext/1023676168/motors.o
 .debug_abbrev  0x000000000000277f       0x44 c:/program files/microchip/xc32/v4.45/bin/bin/../../lib/gcc/pic32c/8.3.1/../../../../pic32c/lib/thumb/v7e-m+fp/hard\libpic32c.a(data_init.o)
 .debug_abbrev  0x00000000000027c3       0xbb c:/program files/microchip/xc32/v4.45/bin/bin/../../lib/gcc/pic32c/8.3.1/../../../../pic32c/lib/thumb/v7e-m+fp/hard\libc-size-musl.a(memcpy.o)
 .debug_abbrev  0x000000000000287e       0xa2 c:/program files/microchip/xc32/v4.45/bin/bin/../../lib/gcc/pic32c/8.3.1/../../../../pic32c/lib/thumb/v7e-m+fp/hard\libc-size-musl.a(memset.o)
 .debug_abbrev  0x0000000000002920      0x133 c:/program files/microchip/xc32/v4.45/bin/bin/../../lib/gcc/pic32c/8.3.1/../../../../pic32c/lib/thumb/v7e-m+fp/hard\libc-musl.a(__libc_start_main.o)
 .debug_abbrev  0x0000000000002a53       0xd4 c:/program files/microchip/xc32/v4.45/bin/bin/../../lib/gcc/pic32c/8.3.1/../../../../pic32c/lib/thumb/v7e-m+fp/hard\libc-musl.a(libc.o)
 .debug_abbrev  0x0000000000002b27       0x62 c:/program files/microchip/xc32/v4.45/bin/bin/../../lib/gcc/pic32c/8.3.1/../../../../pic32c/lib/thumb/v7e-m+fp/hard\libc-musl.a(__environ.o)
 .debug_abbrev  0x0000000000002b89       0x2e c:/program files/microchip/xc32/v4.45/bin/bin/../../lib/gcc/pic32c/8.3.1/../../../../pic32c/lib/thumb/v7e-m+fp/hard\libpic32c.a(pic32_data_init_clear.o)
 .debug_abbrev  0x0000000000002bb7       0x2e c:/program files/microchip/xc32/v4.45/bin/bin/../../lib/gcc/pic32c/8.3.1/../../../../pic32c/lib/thumb/v7e-m+fp/hard\libpic32c.a(pic32_data_init_copy.o)

.debug_loc      0x0000000000000000     0x2f21
 .debug_loc     0x0000000000000000      0x3d3 build/default/production/_ext/1042908558/protocol.o
 .debug_loc     0x00000000000003d3      0x9f3 build/default/production/_ext/1894469536/MET_can_protocol.o
 .debug_loc     0x0000000000000dc6      0x999 build/default/production/_ext/60165182/plib_can0.o
 .debug_loc     0x000000000000175f      0x291 build/default/production/_ext/1865468468/plib_nvic.o
 .debug_loc     0x00000000000019f0      0x4bf build/default/production/_ext/1593096446/plib_nvmctrl.o
 .debug_loc     0x0000000000001eaf      0x1e8 build/default/production/_ext/1865521619/plib_port.o
 .debug_loc     0x0000000000002097       0xb4 build/default/production/_ext/60180175/plib_rtc_timer.o
 .debug_loc     0x000000000000214b       0x5f build/default/production/_ext/829342655/plib_tc0.o
 .debug_loc     0x00000000000021aa      0x161 build/default/production/_ext/829342655/plib_tc1.o
 .debug_loc     0x000000000000230b      0x161 build/default/production/_ext/829342655/plib_tc5.o
 .debug_loc     0x000000000000246c      0x161 build/default/production/_ext/829342655/plib_tc4.o
 .debug_loc     0x00000000000025cd      0x161 build/default/production/_ext/829342655/plib_tc3.o
 .debug_loc     0x000000000000272e      0x161 build/default/production/_ext/829342655/plib_tc2.o
 .debug_loc     0x000000000000288f       0x45 build/default/production/_ext/1171490990/initialization.o
 .debug_loc     0x00000000000028d4       0x60 build/default/production/_ext/1171490990/startup_xc32.o
 .debug_loc     0x0000000000002934       0x20 build/default/production/_ext/1360937237/main.o
 .debug_loc     0x0000000000002954      0x129 build/default/production/_ext/60163342/plib_adc1.o
 .debug_loc     0x0000000000002a7d      0x129 build/default/production/_ext/60163342/plib_adc0.o
 .debug_loc     0x0000000000002ba6      0x17a build/default/production/_ext/1023676168/motors.o
 .debug_loc     0x0000000000002d20       0x14 c:/program files/microchip/xc32/v4.45/bin/bin/../../lib/gcc/pic32c/8.3.1/../../../../pic32c/lib/thumb/v7e-m+fp/hard\libpic32c.a(data_init.o)
 .debug_loc     0x0000000000002d34      0x10b c:/program files/microchip/xc32/v4.45/bin/bin/../../lib/gcc/pic32c/8.3.1/../../../../pic32c/lib/thumb/v7e-m+fp/hard\libc-size-musl.a(memcpy.o)
 .debug_loc     0x0000000000002e3f       0x7d c:/program files/microchip/xc32/v4.45/bin/bin/../../lib/gcc/pic32c/8.3.1/../../../../pic32c/lib/thumb/v7e-m+fp/hard\libc-size-musl.a(memset.o)
 .debug_loc     0x0000000000002ebc       0x51 c:/program files/microchip/xc32/v4.45/bin/bin/../../lib/gcc/pic32c/8.3.1/../../../../pic32c/lib/thumb/v7e-m+fp/hard\libc-musl.a(__libc_start_main.o)
 .debug_loc     0x0000000000002f0d       0x14 c:/program files/microchip/xc32/v4.45/bin/bin/../../lib/gcc/pic32c/8.3.1/../../../../pic32c/lib/thumb/v7e-m+fp/hard\libpic32c.a(pic32_data_init_copy.o)

.debug_aranges  0x0000000000000000      0xa30
 .debug_aranges
                0x0000000000000000       0x38 build/default/production/_ext/1042908558/protocol.o
 .debug_aranges
                0x0000000000000038       0xc0 build/default/production/_ext/1894469536/MET_can_protocol.o
 .debug_aranges
                0x00000000000000f8       0xa0 build/default/production/_ext/60165182/plib_can0.o
 .debug_aranges
                0x0000000000000198       0x20 build/default/production/_ext/1984496892/plib_clock.o
 .debug_aranges
                0x00000000000001b8       0x20 build/default/production/_ext/1986646378/plib_evsys.o
 .debug_aranges
                0x00000000000001d8       0x38 build/default/production/_ext/1865468468/plib_nvic.o
 .debug_aranges
                0x0000000000000210       0xb0 build/default/production/_ext/1593096446/plib_nvmctrl.o
 .debug_aranges
                0x00000000000002c0       0x70 build/default/production/_ext/1865521619/plib_port.o
 .debug_aranges
                0x0000000000000330       0xa0 build/default/production/_ext/60180175/plib_rtc_timer.o
 .debug_aranges
                0x00000000000003d0       0x70 build/default/production/_ext/829342655/plib_tc0.o
 .debug_aranges
                0x0000000000000440       0x80 build/default/production/_ext/829342655/plib_tc1.o
 .debug_aranges
                0x00000000000004c0       0x80 build/default/production/_ext/829342655/plib_tc5.o
 .debug_aranges
                0x0000000000000540       0x80 build/default/production/_ext/829342655/plib_tc4.o
 .debug_aranges
                0x00000000000005c0       0x80 build/default/production/_ext/829342655/plib_tc3.o
 .debug_aranges
                0x0000000000000640       0x80 build/default/production/_ext/829342655/plib_tc2.o
 .debug_aranges
                0x00000000000006c0       0x20 build/default/production/_ext/1171490990/initialization.o
 .debug_aranges
                0x00000000000006e0       0x20 build/default/production/_ext/1171490990/interrupts.o
 .debug_aranges
                0x0000000000000700       0x48 build/default/production/_ext/1171490990/exceptions.o
 .debug_aranges
                0x0000000000000748       0x28 build/default/production/_ext/1171490990/startup_xc32.o
 .debug_aranges
                0x0000000000000770       0x28 build/default/production/_ext/1360937237/main.o
 .debug_aranges
                0x0000000000000798       0x80 build/default/production/_ext/60163342/plib_adc1.o
 .debug_aranges
                0x0000000000000818       0x80 build/default/production/_ext/60163342/plib_adc0.o
 .debug_aranges
                0x0000000000000898       0x98 build/default/production/_ext/1023676168/motors.o
 .debug_aranges
                0x0000000000000930       0x28 c:/program files/microchip/xc32/v4.45/bin/bin/../../lib/gcc/pic32c/8.3.1/../../../../pic32c/lib/thumb/v7e-m+fp/hard\libpic32c.a(data_init.o)
 .debug_aranges
                0x0000000000000958       0x20 c:/program files/microchip/xc32/v4.45/bin/bin/../../lib/gcc/pic32c/8.3.1/../../../../pic32c/lib/thumb/v7e-m+fp/hard\libc-size-musl.a(memcpy.o)
 .debug_aranges
                0x0000000000000978       0x20 c:/program files/microchip/xc32/v4.45/bin/bin/../../lib/gcc/pic32c/8.3.1/../../../../pic32c/lib/thumb/v7e-m+fp/hard\libc-size-musl.a(memset.o)
 .debug_aranges
                0x0000000000000998       0x28 c:/program files/microchip/xc32/v4.45/bin/bin/../../lib/gcc/pic32c/8.3.1/../../../../pic32c/lib/thumb/v7e-m+fp/hard\libc-musl.a(__libc_start_main.o)
 .debug_aranges
                0x00000000000009c0       0x18 c:/program files/microchip/xc32/v4.45/bin/bin/../../lib/gcc/pic32c/8.3.1/../../../../pic32c/lib/thumb/v7e-m+fp/hard\libc-musl.a(libc.o)
 .debug_aranges
                0x00000000000009d8       0x18 c:/program files/microchip/xc32/v4.45/bin/bin/../../lib/gcc/pic32c/8.3.1/../../../../pic32c/lib/thumb/v7e-m+fp/hard\libc-musl.a(__environ.o)
 .debug_aranges
                0x00000000000009f0       0x20 c:/program files/microchip/xc32/v4.45/bin/bin/../../lib/gcc/pic32c/8.3.1/../../../../pic32c/lib/thumb/v7e-m+fp/hard\libpic32c.a(pic32_data_init_clear.o)
 .debug_aranges
                0x0000000000000a10       0x20 c:/program files/microchip/xc32/v4.45/bin/bin/../../lib/gcc/pic32c/8.3.1/../../../../pic32c/lib/thumb/v7e-m+fp/hard\libpic32c.a(pic32_data_init_copy.o)

.debug_ranges   0x0000000000000000      0x888
 .debug_ranges  0x0000000000000000       0x28 build/default/production/_ext/1042908558/protocol.o
 .debug_ranges  0x0000000000000028       0xe0 build/default/production/_ext/1894469536/MET_can_protocol.o
 .debug_ranges  0x0000000000000108       0x90 build/default/production/_ext/60165182/plib_can0.o
 .debug_ranges  0x0000000000000198       0x10 build/default/production/_ext/1984496892/plib_clock.o
 .debug_ranges  0x00000000000001a8       0x10 build/default/production/_ext/1986646378/plib_evsys.o
 .debug_ranges  0x00000000000001b8       0x28 build/default/production/_ext/1865468468/plib_nvic.o
 .debug_ranges  0x00000000000001e0       0xa0 build/default/production/_ext/1593096446/plib_nvmctrl.o
 .debug_ranges  0x0000000000000280       0x60 build/default/production/_ext/1865521619/plib_port.o
 .debug_ranges  0x00000000000002e0       0x90 build/default/production/_ext/60180175/plib_rtc_timer.o
 .debug_ranges  0x0000000000000370       0x60 build/default/production/_ext/829342655/plib_tc0.o
 .debug_ranges  0x00000000000003d0       0x70 build/default/production/_ext/829342655/plib_tc1.o
 .debug_ranges  0x0000000000000440       0x70 build/default/production/_ext/829342655/plib_tc5.o
 .debug_ranges  0x00000000000004b0       0x70 build/default/production/_ext/829342655/plib_tc4.o
 .debug_ranges  0x0000000000000520       0x70 build/default/production/_ext/829342655/plib_tc3.o
 .debug_ranges  0x0000000000000590       0x70 build/default/production/_ext/829342655/plib_tc2.o
 .debug_ranges  0x0000000000000600       0x10 build/default/production/_ext/1171490990/initialization.o
 .debug_ranges  0x0000000000000610       0x10 build/default/production/_ext/1171490990/interrupts.o
 .debug_ranges  0x0000000000000620       0x38 build/default/production/_ext/1171490990/exceptions.o
 .debug_ranges  0x0000000000000658       0x18 build/default/production/_ext/1171490990/startup_xc32.o
 .debug_ranges  0x0000000000000670       0x18 build/default/production/_ext/1360937237/main.o
 .debug_ranges  0x0000000000000688       0x70 build/default/production/_ext/60163342/plib_adc1.o
 .debug_ranges  0x00000000000006f8       0x70 build/default/production/_ext/60163342/plib_adc0.o
 .debug_ranges  0x0000000000000768       0x88 build/default/production/_ext/1023676168/motors.o
 .debug_ranges  0x00000000000007f0       0x18 c:/program files/microchip/xc32/v4.45/bin/bin/../../lib/gcc/pic32c/8.3.1/../../../../pic32c/lib/thumb/v7e-m+fp/hard\libpic32c.a(data_init.o)
 .debug_ranges  0x0000000000000808       0x10 c:/program files/microchip/xc32/v4.45/bin/bin/../../lib/gcc/pic32c/8.3.1/../../../../pic32c/lib/thumb/v7e-m+fp/hard\libc-size-musl.a(memcpy.o)
 .debug_ranges  0x0000000000000818       0x10 c:/program files/microchip/xc32/v4.45/bin/bin/../../lib/gcc/pic32c/8.3.1/../../../../pic32c/lib/thumb/v7e-m+fp/hard\libc-size-musl.a(memset.o)
 .debug_ranges  0x0000000000000828       0x40 c:/program files/microchip/xc32/v4.45/bin/bin/../../lib/gcc/pic32c/8.3.1/../../../../pic32c/lib/thumb/v7e-m+fp/hard\libc-musl.a(__libc_start_main.o)
 .debug_ranges  0x0000000000000868       0x10 c:/program files/microchip/xc32/v4.45/bin/bin/../../lib/gcc/pic32c/8.3.1/../../../../pic32c/lib/thumb/v7e-m+fp/hard\libpic32c.a(pic32_data_init_clear.o)
 .debug_ranges  0x0000000000000878       0x10 c:/program files/microchip/xc32/v4.45/bin/bin/../../lib/gcc/pic32c/8.3.1/../../../../pic32c/lib/thumb/v7e-m+fp/hard\libpic32c.a(pic32_data_init_copy.o)

.debug_line     0x0000000000000000     0x5da9
 .debug_line    0x0000000000000000      0x19f build/default/production/_ext/1042908558/protocol.o
 .debug_line    0x000000000000019f      0xc41 build/default/production/_ext/1894469536/MET_can_protocol.o
 .debug_line    0x0000000000000de0      0x7f2 build/default/production/_ext/60165182/plib_can0.o
 .debug_line    0x00000000000015d2      0x32e build/default/production/_ext/1984496892/plib_clock.o
 .debug_line    0x0000000000001900       0x66 build/default/production/_ext/1986646378/plib_evsys.o
 .debug_line    0x0000000000001966      0x45f build/default/production/_ext/1865468468/plib_nvic.o
 .debug_line    0x0000000000001dc5      0x430 build/default/production/_ext/1593096446/plib_nvmctrl.o
 .debug_line    0x00000000000021f5      0x3f1 build/default/production/_ext/1865521619/plib_port.o
 .debug_line    0x00000000000025e6      0x39f build/default/production/_ext/60180175/plib_rtc_timer.o
 .debug_line    0x0000000000002985      0x32b build/default/production/_ext/829342655/plib_tc0.o
 .debug_line    0x0000000000002cb0      0x388 build/default/production/_ext/829342655/plib_tc1.o
 .debug_line    0x0000000000003038      0x388 build/default/production/_ext/829342655/plib_tc5.o
 .debug_line    0x00000000000033c0      0x388 build/default/production/_ext/829342655/plib_tc4.o
 .debug_line    0x0000000000003748      0x388 build/default/production/_ext/829342655/plib_tc3.o
 .debug_line    0x0000000000003ad0      0x388 build/default/production/_ext/829342655/plib_tc2.o
 .debug_line    0x0000000000003e58      0x2a6 build/default/production/_ext/1171490990/initialization.o
 .debug_line    0x00000000000040fe       0xba build/default/production/_ext/1171490990/interrupts.o
 .debug_line    0x00000000000041b8       0xc6 build/default/production/_ext/1171490990/exceptions.o
 .debug_line    0x000000000000427e      0x26b build/default/production/_ext/1171490990/startup_xc32.o
 .debug_line    0x00000000000044e9      0x237 build/default/production/_ext/1360937237/main.o
 .debug_line    0x0000000000004720      0x34e build/default/production/_ext/60163342/plib_adc1.o
 .debug_line    0x0000000000004a6e      0x34e build/default/production/_ext/60163342/plib_adc0.o
 .debug_line    0x0000000000004dbc      0x91c build/default/production/_ext/1023676168/motors.o
 .debug_line    0x00000000000056d8       0x92 c:/program files/microchip/xc32/v4.45/bin/bin/../../lib/gcc/pic32c/8.3.1/../../../../pic32c/lib/thumb/v7e-m+fp/hard\libpic32c.a(data_init.o)
 .debug_line    0x000000000000576a       0xf9 c:/program files/microchip/xc32/v4.45/bin/bin/../../lib/gcc/pic32c/8.3.1/../../../../pic32c/lib/thumb/v7e-m+fp/hard\libc-size-musl.a(memcpy.o)
 .debug_line    0x0000000000005863       0xe3 c:/program files/microchip/xc32/v4.45/bin/bin/../../lib/gcc/pic32c/8.3.1/../../../../pic32c/lib/thumb/v7e-m+fp/hard\libc-size-musl.a(memset.o)
 .debug_line    0x0000000000005946      0x1c7 c:/program files/microchip/xc32/v4.45/bin/bin/../../lib/gcc/pic32c/8.3.1/../../../../pic32c/lib/thumb/v7e-m+fp/hard\libc-musl.a(__libc_start_main.o)
 .debug_line    0x0000000000005b0d       0xb5 c:/program files/microchip/xc32/v4.45/bin/bin/../../lib/gcc/pic32c/8.3.1/../../../../pic32c/lib/thumb/v7e-m+fp/hard\libc-musl.a(libc.o)
 .debug_line    0x0000000000005bc2       0xfb c:/program files/microchip/xc32/v4.45/bin/bin/../../lib/gcc/pic32c/8.3.1/../../../../pic32c/lib/thumb/v7e-m+fp/hard\libc-musl.a(__environ.o)
 .debug_line    0x0000000000005cbd       0x72 c:/program files/microchip/xc32/v4.45/bin/bin/../../lib/gcc/pic32c/8.3.1/../../../../pic32c/lib/thumb/v7e-m+fp/hard\libpic32c.a(pic32_data_init_clear.o)
 .debug_line    0x0000000000005d2f       0x7a c:/program files/microchip/xc32/v4.45/bin/bin/../../lib/gcc/pic32c/8.3.1/../../../../pic32c/lib/thumb/v7e-m+fp/hard\libpic32c.a(pic32_data_init_copy.o)

.debug_str      0x0000000000000000     0xc08b
 .debug_str     0x0000000000000000      0x65b build/default/production/_ext/1042908558/protocol.o
 .debug_str     0x000000000000065b      0xfee build/default/production/_ext/1894469536/MET_can_protocol.o
 .debug_str     0x0000000000001649      0xe7b build/default/production/_ext/60165182/plib_can0.o
 .debug_str     0x00000000000024c4      0x636 build/default/production/_ext/1984496892/plib_clock.o
 .debug_str     0x0000000000002afa      0x281 build/default/production/_ext/1986646378/plib_evsys.o
 .debug_str     0x0000000000002d7b      0xbfa build/default/production/_ext/1865468468/plib_nvic.o
 .debug_str     0x0000000000003975      0x62b build/default/production/_ext/1593096446/plib_nvmctrl.o
 .debug_str     0x0000000000003fa0      0x893 build/default/production/_ext/1865521619/plib_port.o
 .debug_str     0x0000000000004833      0x742 build/default/production/_ext/60180175/plib_rtc_timer.o
 .debug_str     0x0000000000004f75      0x59e build/default/production/_ext/829342655/plib_tc0.o
 .debug_str     0x0000000000005513      0x601 build/default/production/_ext/829342655/plib_tc1.o
 .debug_str     0x0000000000005b14      0x601 build/default/production/_ext/829342655/plib_tc5.o
 .debug_str     0x0000000000006115      0x601 build/default/production/_ext/829342655/plib_tc4.o
 .debug_str     0x0000000000006716      0x601 build/default/production/_ext/829342655/plib_tc3.o
 .debug_str     0x0000000000006d17      0x601 build/default/production/_ext/829342655/plib_tc2.o
 .debug_str     0x0000000000007318      0x38d build/default/production/_ext/1171490990/initialization.o
 .debug_str     0x00000000000076a5      0xe7f build/default/production/_ext/1171490990/interrupts.o
 .debug_str     0x0000000000008524      0x2da build/default/production/_ext/1171490990/exceptions.o
 .debug_str     0x00000000000087fe      0x43e build/default/production/_ext/1171490990/startup_xc32.o
 .debug_str     0x0000000000008c3c      0x4b9 build/default/production/_ext/1360937237/main.o
 .debug_str     0x00000000000090f5      0x8e9 build/default/production/_ext/60163342/plib_adc1.o
 .debug_str     0x00000000000099de      0x8e9 build/default/production/_ext/60163342/plib_adc0.o
 .debug_str     0x000000000000a2c7      0xa77 build/default/production/_ext/1023676168/motors.o
 .debug_str     0x000000000000ad3e      0x1f5 c:/program files/microchip/xc32/v4.45/bin/bin/../../lib/gcc/pic32c/8.3.1/../../../../pic32c/lib/thumb/v7e-m+fp/hard\libpic32c.a(data_init.o)
 .debug_str     0x000000000000af33      0x22f c:/program files/microchip/xc32/v4.45/bin/bin/../../lib/gcc/pic32c/8.3.1/../../../../pic32c/lib/thumb/v7e-m+fp/hard\libc-size-musl.a(memcpy.o)
 .debug_str     0x000000000000b162      0x21b c:/program files/microchip/xc32/v4.45/bin/bin/../../lib/gcc/pic32c/8.3.1/../../../../pic32c/lib/thumb/v7e-m+fp/hard\libc-size-musl.a(memset.o)
 .debug_str     0x000000000000b37d      0x3d4 c:/program files/microchip/xc32/v4.45/bin/bin/../../lib/gcc/pic32c/8.3.1/../../../../pic32c/lib/thumb/v7e-m+fp/hard\libc-musl.a(__libc_start_main.o)
 .debug_str     0x000000000000b751      0x33f c:/program files/microchip/xc32/v4.45/bin/bin/../../lib/gcc/pic32c/8.3.1/../../../../pic32c/lib/thumb/v7e-m+fp/hard\libc-musl.a(libc.o)
 .debug_str     0x000000000000ba90      0x23f c:/program files/microchip/xc32/v4.45/bin/bin/../../lib/gcc/pic32c/8.3.1/../../../../pic32c/lib/thumb/v7e-m+fp/hard\libc-musl.a(__environ.o)
 .debug_str     0x000000000000bccf      0x1df c:/program files/microchip/xc32/v4.45/bin/bin/../../lib/gcc/pic32c/8.3.1/../../../../pic32c/lib/thumb/v7e-m+fp/hard\libpic32c.a(pic32_data_init_clear.o)
 .debug_str     0x000000000000beae      0x1dd c:/program files/microchip/xc32/v4.45/bin/bin/../../lib/gcc/pic32c/8.3.1/../../../../pic32c/lib/thumb/v7e-m+fp/hard\libpic32c.a(pic32_data_init_copy.o)

.debug_frame    0x0000000000000000     0x1268
 .debug_frame   0x0000000000000000       0x74 build/default/production/_ext/1042908558/protocol.o
 .debug_frame   0x0000000000000074      0x1d4 build/default/production/_ext/1894469536/MET_can_protocol.o
 .debug_frame   0x0000000000000248      0x194 build/default/production/_ext/60165182/plib_can0.o
 .debug_frame   0x00000000000003dc       0x20 build/default/production/_ext/1984496892/plib_clock.o
 .debug_frame   0x00000000000003fc       0x20 build/default/production/_ext/1986646378/plib_evsys.o
 .debug_frame   0x000000000000041c       0x50 build/default/production/_ext/1865468468/plib_nvic.o
 .debug_frame   0x000000000000046c      0x170 build/default/production/_ext/1593096446/plib_nvmctrl.o
 .debug_frame   0x00000000000005dc       0xdc build/default/production/_ext/1865521619/plib_port.o
 .debug_frame   0x00000000000006b8      0x128 build/default/production/_ext/60180175/plib_rtc_timer.o
 .debug_frame   0x00000000000007e0       0xc8 build/default/production/_ext/829342655/plib_tc0.o
 .debug_frame   0x00000000000008a8       0xe8 build/default/production/_ext/829342655/plib_tc1.o
 .debug_frame   0x0000000000000990       0xe8 build/default/production/_ext/829342655/plib_tc5.o
 .debug_frame   0x0000000000000a78       0xe8 build/default/production/_ext/829342655/plib_tc4.o
 .debug_frame   0x0000000000000b60       0xe8 build/default/production/_ext/829342655/plib_tc3.o
 .debug_frame   0x0000000000000c48       0xe8 build/default/production/_ext/829342655/plib_tc2.o
 .debug_frame   0x0000000000000d30       0x28 build/default/production/_ext/1171490990/initialization.o
 .debug_frame   0x0000000000000d58       0x20 build/default/production/_ext/1171490990/interrupts.o
 .debug_frame   0x0000000000000d78       0x70 build/default/production/_ext/1171490990/exceptions.o
 .debug_frame   0x0000000000000de8       0x38 build/default/production/_ext/1171490990/startup_xc32.o
 .debug_frame   0x0000000000000e20       0x38 build/default/production/_ext/1360937237/main.o
 .debug_frame   0x0000000000000e58       0xe0 build/default/production/_ext/60163342/plib_adc1.o
 .debug_frame   0x0000000000000f38       0xe0 build/default/production/_ext/60163342/plib_adc0.o
 .debug_frame   0x0000000000001018      0x144 build/default/production/_ext/1023676168/motors.o
 .debug_frame   0x000000000000115c       0x3c c:/program files/microchip/xc32/v4.45/bin/bin/../../lib/gcc/pic32c/8.3.1/../../../../pic32c/lib/thumb/v7e-m+fp/hard\libpic32c.a(data_init.o)
 .debug_frame   0x0000000000001198       0x2c c:/program files/microchip/xc32/v4.45/bin/bin/../../lib/gcc/pic32c/8.3.1/../../../../pic32c/lib/thumb/v7e-m+fp/hard\libc-size-musl.a(memcpy.o)
 .debug_frame   0x00000000000011c4       0x20 c:/program files/microchip/xc32/v4.45/bin/bin/../../lib/gcc/pic32c/8.3.1/../../../../pic32c/lib/thumb/v7e-m+fp/hard\libc-size-musl.a(memset.o)
 .debug_frame   0x00000000000011e4       0x3c c:/program files/microchip/xc32/v4.45/bin/bin/../../lib/gcc/pic32c/8.3.1/../../../../pic32c/lib/thumb/v7e-m+fp/hard\libc-musl.a(__libc_start_main.o)
 .debug_frame   0x0000000000001220       0x20 c:/program files/microchip/xc32/v4.45/bin/bin/../../lib/gcc/pic32c/8.3.1/../../../../pic32c/lib/thumb/v7e-m+fp/hard\libpic32c.a(pic32_data_init_clear.o)
 .debug_frame   0x0000000000001240       0x28 c:/program files/microchip/xc32/v4.45/bin/bin/../../lib/gcc/pic32c/8.3.1/../../../../pic32c/lib/thumb/v7e-m+fp/hard\libpic32c.a(pic32_data_init_copy.o)

.note.GNU-stack
                0x0000000000000000        0x0
 .note.GNU-stack
                0x0000000000000000        0x0 c:/program files/microchip/xc32/v4.45/bin/bin/../../lib/gcc/pic32c/8.3.1/../../../../pic32c/lib/thumb/v7e-m+fp/hard\libc-size-musl.a(memcpy.o)
 .note.GNU-stack
                0x0000000000000000        0x0 c:/program files/microchip/xc32/v4.45/bin/bin/../../lib/gcc/pic32c/8.3.1/../../../../pic32c/lib/thumb/v7e-m+fp/hard\libc-size-musl.a(memset.o)
 .note.GNU-stack
                0x0000000000000000        0x0 c:/program files/microchip/xc32/v4.45/bin/bin/../../lib/gcc/pic32c/8.3.1/../../../../pic32c/lib/thumb/v7e-m+fp/hard\libc-musl.a(__libc_start_main.o)
 .note.GNU-stack
                0x0000000000000000        0x0 c:/program files/microchip/xc32/v4.45/bin/bin/../../lib/gcc/pic32c/8.3.1/../../../../pic32c/lib/thumb/v7e-m+fp/hard\libc-musl.a(libc.o)
 .note.GNU-stack
                0x0000000000000000        0x0 c:/program files/microchip/xc32/v4.45/bin/bin/../../lib/gcc/pic32c/8.3.1/../../../../pic32c/lib/thumb/v7e-m+fp/hard\libc-musl.a(__environ.o)

.stack          0x0000000020000d78      0x100
 .stack         0x0000000020000d78      0x100 stack

.bss.MET_Protocol_Data_Struct%1
                0x0000000020000010      0x980
 .bss.MET_Protocol_Data_Struct
                0x0000000020000010      0x980 build/default/production/_ext/1894469536/MET_can_protocol.o

.bss%2          0x0000000020000990       0x50
 .bss           0x0000000020000990       0x50 c:/program files/microchip/xc32/v4.45/bin/bin/../../lib/gcc/pic32c/8.3.1/../../../../pic32c/lib/thumb/v7e-m+fp/hard\libc-musl.a(libc.o)
                0x0000000020000990                __progname_full
                0x0000000020000990                program_invocation_name
                0x0000000020000994                program_invocation_short_name
                0x0000000020000994                __progname
                0x0000000020000998                __sysinfo
                0x000000002000099c                __hwcap
                0x00000000200009a0                __libc

.bss.Can0MessageRAM%3
                0x00000000200009e0       0x30
 .bss.Can0MessageRAM
                0x00000000200009e0       0x30 build/default/production/_ext/1894469536/MET_can_protocol.o
                0x00000000200009e0                Can0MessageRAM

.bss.can0Obj%4  0x0000000020000a10       0x28
 .bss.can0Obj   0x0000000020000a10       0x28 build/default/production/_ext/60165182/plib_can0.o

.bss.can0RxMsg%5
                0x0000000020000a38       0x28
 .bss.can0RxMsg
                0x0000000020000a38       0x28 build/default/production/_ext/60165182/plib_can0.o

.bss.motorStruct%6
                0x0000000020000a60       0x28
 .bss.motorStruct
                0x0000000020000a60       0x28 build/default/production/_ext/1023676168/motors.o
                0x0000000020000a60                motorStruct

.bss.MET_Can_Protocol_RxTx_Struct%7
                0x0000000020000a88       0x20
 .bss.MET_Can_Protocol_RxTx_Struct
                0x0000000020000a88       0x20 build/default/production/_ext/1894469536/MET_can_protocol.o

.bss.can0CallbackObj%8
                0x0000000020000aa8       0x20
 .bss.can0CallbackObj
                0x0000000020000aa8       0x20 build/default/production/_ext/60165182/plib_can0.o

.bss%9          0x0000000020000ac8       0x1c
 .bss           0x0000000020000ac8       0x1c c:/program files/microchip/xc32/v4.45/bin/bin/../../lib/gcc/pic32c/8.3.1/thumb/v7e-m+fp/hard/crtbegin.o

.bss.rtcObj%10  0x0000000020000ae4        0xc
 .bss.rtcObj    0x0000000020000ae4        0xc build/default/production/_ext/60180175/plib_rtc_timer.o

.bss.TC0_CallbackObject%11
                0x0000000020000af0        0x8
 .bss.TC0_CallbackObject
                0x0000000020000af0        0x8 build/default/production/_ext/829342655/plib_tc0.o

.bss.TC1_CallbackObject%12
                0x0000000020000af8        0x8
 .bss.TC1_CallbackObject
                0x0000000020000af8        0x8 build/default/production/_ext/829342655/plib_tc1.o

.bss.TC5_CallbackObject%13
                0x0000000020000b00        0x8
 .bss.TC5_CallbackObject
                0x0000000020000b00        0x8 build/default/production/_ext/829342655/plib_tc5.o

.bss.TC4_CallbackObject%14
                0x0000000020000b08        0x8
 .bss.TC4_CallbackObject
                0x0000000020000b08        0x8 build/default/production/_ext/829342655/plib_tc4.o

.bss.TC3_CallbackObject%15
                0x0000000020000b10        0x8
 .bss.TC3_CallbackObject
                0x0000000020000b10        0x8 build/default/production/_ext/829342655/plib_tc3.o

.bss.TC2_CallbackObject%16
                0x0000000020000b18        0x8
 .bss.TC2_CallbackObject
                0x0000000020000b18        0x8 build/default/production/_ext/829342655/plib_tc2.o

.bss.StatusModeRegister%17
                0x0000000020000b20        0x5
 .bss.StatusModeRegister
                0x0000000020000b20        0x5 build/default/production/_ext/1042908558/protocol.o
                0x0000000020000b20                StatusModeRegister

.bss.change_mode%18
                0x0000000020000b28        0x4
 .bss.change_mode
                0x0000000020000b28        0x4 build/default/production/_ext/1023676168/motors.o
                0x0000000020000b28                change_mode

.bss.keep_alive_timer%19
                0x0000000020000b2c        0x4
 .bss.keep_alive_timer
                0x0000000020000b2c        0x4 build/default/production/_ext/1023676168/motors.o
                0x0000000020000b2c                keep_alive_timer

.bss.key_pressed_timer.9037%20
                0x0000000020000b30        0x4
 .bss.key_pressed_timer.9037
                0x0000000020000b30        0x4 build/default/production/_ext/1023676168/motors.o

.bss.key_release_timer.9045%21
                0x0000000020000b34        0x4
 .bss.key_release_timer.9045
                0x0000000020000b34        0x4 build/default/production/_ext/1023676168/motors.o

.bss%22         0x0000000020000b38        0x4
 .bss           0x0000000020000b38        0x4 c:/program files/microchip/xc32/v4.45/bin/bin/../../lib/gcc/pic32c/8.3.1/../../../../pic32c/lib/thumb/v7e-m+fp/hard\libpic32c.a(data_init.o)

.bss%23         0x0000000020000b3c        0x4
 .bss           0x0000000020000b3c        0x4 c:/program files/microchip/xc32/v4.45/bin/bin/../../lib/gcc/pic32c/8.3.1/../../../../pic32c/lib/thumb/v7e-m+fp/hard\libc-musl.a(__environ.o)
                0x0000000020000b3c                __environ
                0x0000000020000b3c                environ
                0x0000000020000b3c                ___environ
                0x0000000020000b3c                _environ

.bss.lastSequence.9037%24
                0x0000000020000b25        0x1
 .bss.lastSequence.9037
                0x0000000020000b25        0x1 build/default/production/_ext/1894469536/MET_can_protocol.o

.bss.msgFrameAttr0%25
                0x0000000020000b26        0x1
 .bss.msgFrameAttr0
                0x0000000020000b26        0x1 build/default/production/_ext/1894469536/MET_can_protocol.o
                0x0000000020000b26                msgFrameAttr0

.bss.rxBootloaderErrorTrigger%26
                0x0000000020000b27        0x1
 .bss.rxBootloaderErrorTrigger
                0x0000000020000b27        0x1 build/default/production/_ext/1894469536/MET_can_protocol.o

.bss.rxBootloaderReceptionTrigger%27
                0x0000000020000b40        0x1
 .bss.rxBootloaderReceptionTrigger
                0x0000000020000b40        0x1 build/default/production/_ext/1894469536/MET_can_protocol.o

.bss.rxErrorTrigger%28
                0x0000000020000b41        0x1
 .bss.rxErrorTrigger
                0x0000000020000b41        0x1 build/default/production/_ext/1894469536/MET_can_protocol.o

.bss.rxReceptionTrigger%29
                0x0000000020000b42        0x1
 .bss.rxReceptionTrigger
                0x0000000020000b42        0x1 build/default/production/_ext/1894469536/MET_can_protocol.o

.bss.messageMarker.8204%30
                0x0000000020000b43        0x1
 .bss.messageMarker.8204
                0x0000000020000b43        0x1 build/default/production/_ext/60165182/plib_can0.o

.bss.trigger_time%31
                0x0000000020000b44        0x1
 .bss.trigger_time
                0x0000000020000b44        0x1 build/default/production/_ext/1360937237/main.o

.bss.activate_x.9042%32
                0x0000000020000b45        0x1
 .bss.activate_x.9042
                0x0000000020000b45        0x1 build/default/production/_ext/1023676168/motors.o

.bss.activate_y.9043%33
                0x0000000020000b46        0x1
 .bss.activate_y.9043
                0x0000000020000b46        0x1 build/default/production/_ext/1023676168/motors.o

.bss.activate_z.9044%34
                0x0000000020000b47        0x1
 .bss.activate_z.9044
                0x0000000020000b47        0x1 build/default/production/_ext/1023676168/motors.o

.bss.activated.9038%35
                0x0000000020000b48        0x1
 .bss.activated.9038
                0x0000000020000b48        0x1 build/default/production/_ext/1023676168/motors.o

.bss.change_mode_request%36
                0x0000000020000b49        0x1
 .bss.change_mode_request
                0x0000000020000b49        0x1 build/default/production/_ext/1023676168/motors.o
                0x0000000020000b49                change_mode_request

.data.StatusPositionRegister%37
                0x0000000020000b4c        0x5
 .data.StatusPositionRegister
                0x0000000020000b4c        0x5 build/default/production/_ext/1042908558/protocol.o
                0x0000000020000b4c                StatusPositionRegister

.data.SmartEEPROM32%38
                0x0000000020000b54        0x4
 .data.SmartEEPROM32
                0x0000000020000b54        0x4 build/default/production/_ext/1894469536/MET_can_protocol.o
                0x0000000020000b54                SmartEEPROM32

.eh_frame%z1    0x0000000000000000        0x0
 .eh_frame      0x0000000000000000        0x0 c:/program files/microchip/xc32/v4.45/bin/bin/../../lib/gcc/pic32c/8.3.1/thumb/v7e-m+fp/hard/crtbegin.o

.config_00804000.__config_00804000%39
                0x0000000000804000        0x4
 .config_00804000.__config_00804000
                0x0000000000804000        0x4 build/default/production/_ext/1171490990/initialization.o
                0x0000000000804000                __config_00804000

.config_00804004.__config_00804004%40
                0x0000000000804004        0x4
 .config_00804004.__config_00804004
                0x0000000000804004        0x4 build/default/production/_ext/1171490990/initialization.o
                0x0000000000804004                __config_00804004

.config_00804008.__config_00804008%41
                0x0000000000804008        0x4
 .config_00804008.__config_00804008
                0x0000000000804008        0x4 build/default/production/_ext/1171490990/initialization.o
                0x0000000000804008                __config_00804008

.text.MET_Can_Protocol_Loop%42
                0x0000000000002280      0x410
 .text.MET_Can_Protocol_Loop
                0x0000000000002280      0x410 build/default/production/_ext/1894469536/MET_can_protocol.o
                0x0000000000002280                MET_Can_Protocol_Loop

.text.motorCalibModeManagement%43
                0x0000000000002690      0x228
 .text.motorCalibModeManagement
                0x0000000000002690      0x228 build/default/production/_ext/1023676168/motors.o
                0x0000000000002690                motorCalibModeManagement

.text.CAN0_InterruptHandler%44
                0x00000000000028b8      0x180
 .text.CAN0_InterruptHandler
                0x00000000000028b8      0x180 build/default/production/_ext/60165182/plib_can0.o
                0x00000000000028b8                CAN0_InterruptHandler

.text.CLOCK_Initialize%45
                0x0000000000002a38      0x174
 .text.CLOCK_Initialize
                0x0000000000002a38      0x174 build/default/production/_ext/1984496892/plib_clock.o
                0x0000000000002a38                CLOCK_Initialize

.text.motorActivationMode%46
                0x0000000000002bac      0x160
 .text.motorActivationMode
                0x0000000000002bac      0x160 build/default/production/_ext/1023676168/motors.o

.text.motorServiceModeManagement%47
                0x0000000000002d0c      0x150
 .text.motorServiceModeManagement
                0x0000000000002d0c      0x150 build/default/production/_ext/1023676168/motors.o
                0x0000000000002d0c                motorServiceModeManagement

.text.MET_Can_Protocol_Init%48
                0x0000000000002e5c      0x128
 .text.MET_Can_Protocol_Init
                0x0000000000002e5c      0x128 build/default/production/_ext/1894469536/MET_can_protocol.o
                0x0000000000002e5c                MET_Can_Protocol_Init

.dinit%49       0x0000000000002f84      0x110
 .dinit         0x0000000000002f84      0x110 data_init

.text.PORT_Initialize%50
                0x0000000000003094       0xec
 .text.PORT_Initialize
                0x0000000000003094       0xec build/default/production/_ext/1865521619/plib_port.o
                0x0000000000003094                PORT_Initialize

.text.motorLoop%51
                0x0000000000003180       0xbc
 .text.motorLoop
                0x0000000000003180       0xbc build/default/production/_ext/1023676168/motors.o
                0x0000000000003180                motorLoop

.text.CAN0_MessageTransmit%52
                0x000000000000323c       0xac
 .text.CAN0_MessageTransmit
                0x000000000000323c       0xac build/default/production/_ext/60165182/plib_can0.o
                0x000000000000323c                CAN0_MessageTransmit

.text.CAN0_MessageRAMConfigSet%53
                0x00000000000032e8       0x90
 .text.CAN0_MessageRAMConfigSet
                0x00000000000032e8       0x90 build/default/production/_ext/60165182/plib_can0.o
                0x00000000000032e8                CAN0_MessageRAMConfigSet

.text.Reset_Handler%54
                0x0000000000003378       0x90
 .text.Reset_Handler
                0x0000000000003378       0x90 build/default/production/_ext/1171490990/startup_xc32.o
                0x0000000000003378                Reset_Handler

.text.main%55   0x0000000000003408       0x84
 .text.main     0x0000000000003408       0x84 build/default/production/_ext/1360937237/main.o
                0x0000000000003408                main

.text.ApplicationProtocolCommandHandler%56
                0x000000000000348c       0x80
 .text.ApplicationProtocolCommandHandler
                0x000000000000348c       0x80 build/default/production/_ext/1042908558/protocol.o

.text.CAN0_Initialize%57
                0x000000000000350c       0x80
 .text.CAN0_Initialize
                0x000000000000350c       0x80 build/default/production/_ext/60165182/plib_can0.o
                0x000000000000350c                CAN0_Initialize

.text.motorDisableModeManagement%58
                0x000000000000358c       0x7c
 .text.motorDisableModeManagement
                0x000000000000358c       0x7c build/default/production/_ext/1023676168/motors.o
                0x000000000000358c                motorDisableModeManagement

.text.NVIC_Initialize%59
                0x0000000000003608       0x74
 .text.NVIC_Initialize
                0x0000000000003608       0x74 build/default/production/_ext/1865468468/plib_nvic.o
                0x0000000000003608                NVIC_Initialize

.text.motorUpdateStatus%60
                0x000000000000367c       0x6c
 .text.motorUpdateStatus
                0x000000000000367c       0x6c build/default/production/_ext/1023676168/motors.o

.text.getKeyPressed%61
                0x00000000000036e8       0x68
 .text.getKeyPressed
                0x00000000000036e8       0x68 build/default/production/_ext/1023676168/motors.o
                0x00000000000036e8                getKeyPressed

.text.ADC1_Initialize%62
                0x0000000000003750       0x5c
 .text.ADC1_Initialize
                0x0000000000003750       0x5c build/default/production/_ext/60163342/plib_adc1.o
                0x0000000000003750                ADC1_Initialize

.text.ADC0_Initialize%63
                0x00000000000037ac       0x5c
 .text.ADC0_Initialize
                0x00000000000037ac       0x5c build/default/production/_ext/60163342/plib_adc0.o
                0x00000000000037ac                ADC0_Initialize

.text.__libc_start_init%64
                0x0000000000003808       0x5c
 .text.__libc_start_init
                0x0000000000003808       0x5c c:/program files/microchip/xc32/v4.45/bin/bin/../../lib/gcc/pic32c/8.3.1/../../../../pic32c/lib/thumb/v7e-m+fp/hard\libc-musl.a(__libc_start_main.o)
                0x0000000000003808                __libc_init_array

.text.MET_Can_AppRestartCallback%65
                0x0000000000003864       0x58
 .text.MET_Can_AppRestartCallback
                0x0000000000003864       0x58 build/default/production/_ext/1894469536/MET_can_protocol.o

.text.motorSetPower%66
                0x00000000000038bc       0x58
 .text.motorSetPower
                0x00000000000038bc       0x58 build/default/production/_ext/1023676168/motors.o

.text.CAN0_MessageReceive%67
                0x0000000000003914       0x4c
 .text.CAN0_MessageReceive
                0x0000000000003914       0x4c build/default/production/_ext/60165182/plib_can0.o
                0x0000000000003914                CAN0_MessageReceive

.text.RTC_Initialize%68
                0x0000000000003960       0x44
 .text.RTC_Initialize
                0x0000000000003960       0x44 build/default/production/_ext/60180175/plib_rtc_timer.o
                0x0000000000003960                RTC_Initialize

.text.TC0_TimerInitialize%69
                0x00000000000039a4       0x44
 .text.TC0_TimerInitialize
                0x00000000000039a4       0x44 build/default/production/_ext/829342655/plib_tc0.o
                0x00000000000039a4                TC0_TimerInitialize

.text%70        0x00000000000039e8       0x40
 .text          0x00000000000039e8       0x40 c:/program files/microchip/xc32/v4.45/bin/bin/../../lib/gcc/pic32c/8.3.1/thumb/v7e-m+fp/hard/crtbegin.o

.text.SYS_Initialize%71
                0x0000000000003a28       0x40
 .text.SYS_Initialize
                0x0000000000003a28       0x40 build/default/production/_ext/1171490990/initialization.o
                0x0000000000003a28                SYS_Initialize

.text.TC1_CompareInitialize%72
                0x0000000000003a68       0x3c
 .text.TC1_CompareInitialize
                0x0000000000003a68       0x3c build/default/production/_ext/829342655/plib_tc1.o
                0x0000000000003a68                TC1_CompareInitialize

.text.TC5_CompareInitialize%73
                0x0000000000003aa4       0x3c
 .text.TC5_CompareInitialize
                0x0000000000003aa4       0x3c build/default/production/_ext/829342655/plib_tc5.o
                0x0000000000003aa4                TC5_CompareInitialize

.text.TC4_CompareInitialize%74
                0x0000000000003ae0       0x3c
 .text.TC4_CompareInitialize
                0x0000000000003ae0       0x3c build/default/production/_ext/829342655/plib_tc4.o
                0x0000000000003ae0                TC4_CompareInitialize

.text.TC3_CompareInitialize%75
                0x0000000000003b1c       0x3c
 .text.TC3_CompareInitialize
                0x0000000000003b1c       0x3c build/default/production/_ext/829342655/plib_tc3.o
                0x0000000000003b1c                TC3_CompareInitialize

.text.TC2_CompareInitialize%76
                0x0000000000003b58       0x3c
 .text.TC2_CompareInitialize
                0x0000000000003b58       0x3c build/default/production/_ext/829342655/plib_tc2.o
                0x0000000000003b58                TC2_CompareInitialize

.text.CAN0_ErrorGet%77
                0x0000000000003b94       0x3a
 .text.CAN0_ErrorGet
                0x0000000000003b94       0x3a build/default/production/_ext/60165182/plib_can0.o
                0x0000000000003b94                CAN0_ErrorGet

.text.MET_Can_Protocol_Reception_Trigger%78
                0x0000000000003bd0       0x38
 .text.MET_Can_Protocol_Reception_Trigger
                0x0000000000003bd0       0x38 build/default/production/_ext/1894469536/MET_can_protocol.o

.text.MET_Can_Protocol_Reception_Callback%79
                0x0000000000003c08       0x38
 .text.MET_Can_Protocol_Reception_Callback
                0x0000000000003c08       0x38 build/default/production/_ext/1894469536/MET_can_protocol.o

.text.rtcEventHandler%80
                0x0000000000003c40       0x38
 .text.rtcEventHandler
                0x0000000000003c40       0x38 build/default/production/_ext/1360937237/main.o

.text.motorInit%81
                0x0000000000003c78       0x34
 .text.motorInit
                0x0000000000003c78       0x34 build/default/production/_ext/1023676168/motors.o
                0x0000000000003c78                motorInit

.text.motorServiceTestCycle%82
                0x0000000000003cac       0x34
 .text.motorServiceTestCycle
                0x0000000000003cac       0x34 build/default/production/_ext/1023676168/motors.o
                0x0000000000003cac                motorServiceTestCycle

.text.__pic32c_data_initialization%83
                0x0000000000003ce0       0x34
 .text.__pic32c_data_initialization
                0x0000000000003ce0       0x34 c:/program files/microchip/xc32/v4.45/bin/bin/../../lib/gcc/pic32c/8.3.1/../../../../pic32c/lib/thumb/v7e-m+fp/hard\libpic32c.a(data_init.o)
                0x0000000000003ce0                __pic32c_data_initialization

.text.updateStatusRegister%84
                0x0000000000003d14       0x2e
 .text.updateStatusRegister
                0x0000000000003d14       0x2e build/default/production/_ext/1042908558/protocol.o
                0x0000000000003d14                updateStatusRegister

.text.TC0_TimerInterruptHandler%85
                0x0000000000003d44       0x2c
 .text.TC0_TimerInterruptHandler
                0x0000000000003d44       0x2c build/default/production/_ext/829342655/plib_tc0.o
                0x0000000000003d44                TC0_TimerInterruptHandler

.text.TC1_CompareInterruptHandler%86
                0x0000000000003d70       0x2c
 .text.TC1_CompareInterruptHandler
                0x0000000000003d70       0x2c build/default/production/_ext/829342655/plib_tc1.o
                0x0000000000003d70                TC1_CompareInterruptHandler

.text.TC5_CompareInterruptHandler%87
                0x0000000000003d9c       0x2c
 .text.TC5_CompareInterruptHandler
                0x0000000000003d9c       0x2c build/default/production/_ext/829342655/plib_tc5.o
                0x0000000000003d9c                TC5_CompareInterruptHandler

.text.TC4_CompareInterruptHandler%88
                0x0000000000003dc8       0x2c
 .text.TC4_CompareInterruptHandler
                0x0000000000003dc8       0x2c build/default/production/_ext/829342655/plib_tc4.o
                0x0000000000003dc8                TC4_CompareInterruptHandler

.text.TC3_CompareInterruptHandler%89
                0x0000000000003df4       0x2c
 .text.TC3_CompareInterruptHandler
                0x0000000000003df4       0x2c build/default/production/_ext/829342655/plib_tc3.o
                0x0000000000003df4                TC3_CompareInterruptHandler

.text.TC2_CompareInterruptHandler%90
                0x0000000000003e20       0x2c
 .text.TC2_CompareInterruptHandler
                0x0000000000003e20       0x2c build/default/production/_ext/829342655/plib_tc2.o
                0x0000000000003e20                TC2_CompareInterruptHandler

.text.ApplicationProtocolInit%91
                0x0000000000003e4c       0x28
 .text.ApplicationProtocolInit
                0x0000000000003e4c       0x28 build/default/production/_ext/1042908558/protocol.o
                0x0000000000003e4c                ApplicationProtocolInit

.text.RTC_InterruptHandler%92
                0x0000000000003e74       0x28
 .text.RTC_InterruptHandler
                0x0000000000003e74       0x28 build/default/production/_ext/60180175/plib_rtc_timer.o
                0x0000000000003e74                RTC_InterruptHandler

.text.ADC0_ChannelSelect%93
                0x0000000000003e9c       0x24
 .text.ADC0_ChannelSelect
                0x0000000000003e9c       0x24 build/default/production/_ext/60163342/plib_adc0.o
                0x0000000000003e9c                ADC0_ChannelSelect

.text.ADC0_ConversionStatusGet%94
                0x0000000000003ec0       0x24
 .text.ADC0_ConversionStatusGet
                0x0000000000003ec0       0x24 build/default/production/_ext/60163342/plib_adc0.o
                0x0000000000003ec0                ADC0_ConversionStatusGet

.text.MET_Can_Protocol_SetStatusReg%95
                0x0000000000003ee4       0x20
 .text.MET_Can_Protocol_SetStatusReg
                0x0000000000003ee4       0x20 build/default/production/_ext/1894469536/MET_can_protocol.o
                0x0000000000003ee4                MET_Can_Protocol_SetStatusReg

.text.__dinit_copy%96
                0x0000000000003f04       0x1e
 .text.__dinit_copy
                0x0000000000003f04       0x1e c:/program files/microchip/xc32/v4.45/bin/bin/../../lib/gcc/pic32c/8.3.1/../../../../pic32c/lib/thumb/v7e-m+fp/hard\libpic32c.a(pic32_data_init_copy.o)
                0x0000000000003f04                __dinit_copy_needed
                0x0000000000003f04                __dinit_copy

.text.CAN0_RxCallbackRegister%97
                0x0000000000003f24       0x1c
 .text.CAN0_RxCallbackRegister
                0x0000000000003f24       0x1c build/default/production/_ext/60165182/plib_can0.o
                0x0000000000003f24                CAN0_RxCallbackRegister

.text.memcpy%98
                0x0000000000003f40       0x1c
 .text.memcpy   0x0000000000003f40       0x1c c:/program files/microchip/xc32/v4.45/bin/bin/../../lib/gcc/pic32c/8.3.1/../../../../pic32c/lib/thumb/v7e-m+fp/hard\libc-size-musl.a(memcpy.o)
                0x0000000000003f40                memcpy

.text.RTC_Timer32Start%99
                0x0000000000003f5c       0x18
 .text.RTC_Timer32Start
                0x0000000000003f5c       0x18 build/default/production/_ext/60180175/plib_rtc_timer.o
                0x0000000000003f5c                RTC_Timer32Start

.text.ADC0_Enable%100
                0x0000000000003f74       0x18
 .text.ADC0_Enable
                0x0000000000003f74       0x18 build/default/production/_ext/60163342/plib_adc0.o
                0x0000000000003f74                ADC0_Enable

.text.ADC0_ConversionStart%101
                0x0000000000003f8c       0x18
 .text.ADC0_ConversionStart
                0x0000000000003f8c       0x18 build/default/production/_ext/60163342/plib_adc0.o
                0x0000000000003f8c                ADC0_ConversionStart

.text.motorSetServiceMode%102
                0x0000000000003fa4       0x18
 .text.motorSetServiceMode
                0x0000000000003fa4       0x18 build/default/production/_ext/1023676168/motors.o
                0x0000000000003fa4                motorSetServiceMode

.text.motorSetDisableMode%103
                0x0000000000003fbc       0x18
 .text.motorSetDisableMode
                0x0000000000003fbc       0x18 build/default/production/_ext/1023676168/motors.o
                0x0000000000003fbc                motorSetDisableMode

.text.motorSetCommandMode%104
                0x0000000000003fd4       0x18
 .text.motorSetCommandMode
                0x0000000000003fd4       0x18 build/default/production/_ext/1023676168/motors.o
                0x0000000000003fd4                motorSetCommandMode

.text.MET_Can_Protocol_returnCommandExecuted%105
                0x0000000000003fec       0x14
 .text.MET_Can_Protocol_returnCommandExecuted
                0x0000000000003fec       0x14 build/default/production/_ext/1894469536/MET_can_protocol.o
                0x0000000000003fec                MET_Can_Protocol_returnCommandExecuted

.text.motor1sLoop%106
                0x0000000000004000       0x14
 .text.motor1sLoop
                0x0000000000004000       0x14 build/default/production/_ext/1023676168/motors.o
                0x0000000000004000                motor1sLoop

.text.motorSetCalibMode%107
                0x0000000000004014       0x14
 .text.motorSetCalibMode
                0x0000000000004014       0x14 build/default/production/_ext/1023676168/motors.o
                0x0000000000004014                motorSetCalibMode

.rodata%108     0x0000000000004028       0x14
 .rodata        0x0000000000004028       0x14 c:/program files/microchip/xc32/v4.45/bin/bin/../../lib/gcc/pic32c/8.3.1/../../../../pic32c/lib/thumb/v7e-m+fp/hard\libpic32c.a(data_init.o)

.text.memset%109
                0x000000000000403c       0x14
 .text.memset   0x000000000000403c       0x14 c:/program files/microchip/xc32/v4.45/bin/bin/../../lib/gcc/pic32c/8.3.1/../../../../pic32c/lib/thumb/v7e-m+fp/hard\libc-size-musl.a(memset.o)
                0x000000000000403c                memset

.text.__dinit_clear%110
                0x0000000000004050       0x12
 .text.__dinit_clear
                0x0000000000004050       0x12 c:/program files/microchip/xc32/v4.45/bin/bin/../../lib/gcc/pic32c/8.3.1/../../../../pic32c/lib/thumb/v7e-m+fp/hard\libpic32c.a(pic32_data_init_clear.o)
                0x0000000000004050                __dinit_clear
                0x0000000000004050                __dinit_clear_needed

.text.MET_Can_Protocol_returnCommandError%111
                0x0000000000004064       0x10
 .text.MET_Can_Protocol_returnCommandError
                0x0000000000004064       0x10 build/default/production/_ext/1894469536/MET_can_protocol.o
                0x0000000000004064                MET_Can_Protocol_returnCommandError

.text.CAN0_TxCallbackRegister%112
                0x0000000000004074       0x10
 .text.CAN0_TxCallbackRegister
                0x0000000000004074       0x10 build/default/production/_ext/60165182/plib_can0.o
                0x0000000000004074                CAN0_TxCallbackRegister

.rodata%113     0x0000000000004084       0x10
 .rodata        0x0000000000004084       0x10 build/default/production/_ext/60165182/plib_can0.o

.text.NVMCTRL_Initialize%114
                0x0000000000004094       0x10
 .text.NVMCTRL_Initialize
                0x0000000000004094       0x10 build/default/production/_ext/1593096446/plib_nvmctrl.o
                0x0000000000004094                NVMCTRL_Initialize

.text.NVMCTRL_SmartEEPROM_IsBusy%115
                0x00000000000040a4       0x10
 .text.NVMCTRL_SmartEEPROM_IsBusy
                0x00000000000040a4       0x10 build/default/production/_ext/1593096446/plib_nvmctrl.o
                0x00000000000040a4                NVMCTRL_SmartEEPROM_IsBusy

.text.RTC_Timer32CallbackRegister%116
                0x00000000000040b4        0xc
 .text.RTC_Timer32CallbackRegister
                0x00000000000040b4        0xc build/default/production/_ext/60180175/plib_rtc_timer.o
                0x00000000000040b4                RTC_Timer32CallbackRegister

.text.ADC0_ConversionResultGet%117
                0x00000000000040c0        0xc
 .text.ADC0_ConversionResultGet
                0x00000000000040c0        0xc build/default/production/_ext/60163342/plib_adc0.o
                0x00000000000040c0                ADC0_ConversionResultGet

.text.ApplicationProtocolLoop%118
                0x00000000000040cc        0x8
 .text.ApplicationProtocolLoop
                0x00000000000040cc        0x8 build/default/production/_ext/1042908558/protocol.o
                0x00000000000040cc                ApplicationProtocolLoop

.rodata.can0StdFilter%119
                0x00000000000040d4        0x8
 .rodata.can0StdFilter
                0x00000000000040d4        0x8 build/default/production/_ext/60165182/plib_can0.o

.text.__dummy_decompress%120
                0x00000000000040dc        0x4
 .text.__dummy_decompress
                0x00000000000040dc        0x4 c:/program files/microchip/xc32/v4.45/bin/bin/../../lib/gcc/pic32c/8.3.1/../../../../pic32c/lib/thumb/v7e-m+fp/hard\libpic32c.a(data_init.o)
                0x00000000000040dc                __dinit_decompress
                0x00000000000040dc                __dinit_copy_val_data
                0x00000000000040dc                __dinit_copy_emb

.text.EVSYS_Initialize%121
                0x0000000000003bce        0x2
 .text.EVSYS_Initialize
                0x0000000000003bce        0x2 build/default/production/_ext/1986646378/plib_evsys.o
                0x0000000000003bce                EVSYS_Initialize

.text.Dummy_Handler%122
                0x0000000000003d42        0x2
 .text.Dummy_Handler
                0x0000000000003d42        0x2 build/default/production/_ext/1171490990/interrupts.o
                0x0000000000003d42                EIC_EXTINT_9_Handler
                0x0000000000003d42                TCC0_MC5_Handler
                0x0000000000003d42                SVCall_Handler
                0x0000000000003d42                SERCOM0_2_Handler
                0x0000000000003d42                USB_SOF_HSOF_Handler
                0x0000000000003d42                TCC4_OTHER_Handler
                0x0000000000003d42                TCC2_MC2_Handler
                0x0000000000003d42                EVSYS_0_Handler
                0x0000000000003d42                TRNG_Handler
                0x0000000000003d42                USB_TRCPT0_Handler
                0x0000000000003d42                DAC_OTHER_Handler
                0x0000000000003d42                AC_Handler
                0x0000000000003d42                DAC_EMPTY_0_Handler
                0x0000000000003d42                DMAC_OTHER_Handler
                0x0000000000003d42                EIC_EXTINT_5_Handler
                0x0000000000003d42                SERCOM3_1_Handler
                0x0000000000003d42                SysTick_Handler
                0x0000000000003d42                SERCOM4_OTHER_Handler
                0x0000000000003d42                SERCOM3_2_Handler
                0x0000000000003d42                EIC_EXTINT_6_Handler
                0x0000000000003d42                PendSV_Handler
                0x0000000000003d42                TCC4_MC0_Handler
                0x0000000000003d42                EVSYS_3_Handler
                0x0000000000003d42                QSPI_Handler
                0x0000000000003d42                TCC2_MC0_Handler
                0x0000000000003d42                PDEC_OTHER_Handler
                0x0000000000003d42                TCC3_MC0_Handler
                0x0000000000003d42                PDEC_MC1_Handler
                0x0000000000003d42                TCC2_MC1_Handler
                0x0000000000003d42                OSCCTRL_XOSC1_Handler
                0x0000000000003d42                PDEC_MC0_Handler
                0x0000000000003d42                EIC_EXTINT_4_Handler
                0x0000000000003d42                EIC_EXTINT_7_Handler
                0x0000000000003d42                SERCOM0_OTHER_Handler
                0x0000000000003d42                EVSYS_OTHER_Handler
                0x0000000000003d42                SERCOM0_0_Handler
                0x0000000000003d42                SERCOM4_0_Handler
                0x0000000000003d42                TCC1_MC0_Handler
                0x0000000000003d42                SERCOM1_OTHER_Handler
                0x0000000000003d42                TCC2_OTHER_Handler
                0x0000000000003d42                EIC_EXTINT_11_Handler
                0x0000000000003d42                SUPC_BODDET_Handler
                0x0000000000003d42                EIC_EXTINT_14_Handler
                0x0000000000003d42                OSC32KCTRL_Handler
                0x0000000000003d42                EVSYS_1_Handler
                0x0000000000003d42                TCC4_MC1_Handler
                0x0000000000003d42                DMAC_0_Handler
                0x0000000000003d42                SUPC_OTHER_Handler
                0x0000000000003d42                WDT_Handler
                0x0000000000003d42                EIC_EXTINT_15_Handler
                0x0000000000003d42                EIC_EXTINT_1_Handler
                0x0000000000003d42                TCC3_MC1_Handler
                0x0000000000003d42                SERCOM5_0_Handler
                0x0000000000003d42                TCC1_MC1_Handler
                0x0000000000003d42                EIC_EXTINT_0_Handler
                0x0000000000003d42                TCC1_OTHER_Handler
                0x0000000000003d42                PAC_Handler
                0x0000000000003d42                SERCOM4_1_Handler
                0x0000000000003d42                Dummy_Handler
                0x0000000000003d42                DAC_RESRDY_0_Handler
                0x0000000000003d42                SERCOM5_1_Handler
                0x0000000000003d42                DMAC_2_Handler
                0x0000000000003d42                TCC0_MC4_Handler
                0x0000000000003d42                USB_TRCPT1_Handler
                0x0000000000003d42                SERCOM0_1_Handler
                0x0000000000003d42                TCC0_MC3_Handler
                0x0000000000003d42                EIC_EXTINT_12_Handler
                0x0000000000003d42                OSCCTRL_DPLL0_Handler
                0x0000000000003d42                SERCOM5_OTHER_Handler
                0x0000000000003d42                PM_Handler
                0x0000000000003d42                OSCCTRL_DFLL_Handler
                0x0000000000003d42                DAC_RESRDY_1_Handler
                0x0000000000003d42                DMAC_1_Handler
                0x0000000000003d42                USB_OTHER_Handler
                0x0000000000003d42                CAN1_Handler
                0x0000000000003d42                TCC0_OTHER_Handler
                0x0000000000003d42                EIC_EXTINT_10_Handler
                0x0000000000003d42                TCC1_MC3_Handler
                0x0000000000003d42                OSCCTRL_XOSC0_Handler
                0x0000000000003d42                TCC0_MC0_Handler
                0x0000000000003d42                EIC_EXTINT_2_Handler
                0x0000000000003d42                SDHC0_Handler
                0x0000000000003d42                SERCOM1_1_Handler
                0x0000000000003d42                I2S_Handler
                0x0000000000003d42                PCC_Handler
                0x0000000000003d42                TCC3_OTHER_Handler
                0x0000000000003d42                EIC_EXTINT_13_Handler
                0x0000000000003d42                SERCOM1_0_Handler
                0x0000000000003d42                PUKCC_Handler
                0x0000000000003d42                SERCOM2_1_Handler
                0x0000000000003d42                SERCOM1_2_Handler
                0x0000000000003d42                SERCOM3_0_Handler
                0x0000000000003d42                SERCOM4_2_Handler
                0x0000000000003d42                TCC1_MC2_Handler
                0x0000000000003d42                ADC1_RESRDY_Handler
                0x0000000000003d42                NVMCTRL_1_Handler
                0x0000000000003d42                SERCOM5_2_Handler
                0x0000000000003d42                SERCOM2_2_Handler
                0x0000000000003d42                DAC_EMPTY_1_Handler
                0x0000000000003d42                ADC1_OTHER_Handler
                0x0000000000003d42                OSCCTRL_DPLL1_Handler
                0x0000000000003d42                EIC_EXTINT_3_Handler
                0x0000000000003d42                SERCOM3_OTHER_Handler
                0x0000000000003d42                EIC_EXTINT_8_Handler
                0x0000000000003d42                NVMCTRL_0_Handler
                0x0000000000003d42                ADC0_RESRDY_Handler
                0x0000000000003d42                ADC0_OTHER_Handler
                0x0000000000003d42                MCLK_Handler
                0x0000000000003d42                EVSYS_2_Handler
                0x0000000000003d42                SERCOM2_OTHER_Handler
                0x0000000000003d42                FREQM_Handler
                0x0000000000003d42                TCC0_MC1_Handler
                0x0000000000003d42                DMAC_3_Handler
                0x0000000000003d42                RAMECC_Handler
                0x0000000000003d42                SERCOM2_0_Handler
                0x0000000000003d42                AES_Handler
                0x0000000000003d42                ICM_Handler
                0x0000000000003d42                TCC0_MC2_Handler

.text.NonMaskableInt_Handler%123
                0x0000000000003f22        0x2
 .text.NonMaskableInt_Handler
                0x0000000000003f22        0x2 build/default/production/_ext/1171490990/exceptions.o
                0x0000000000003f22                NonMaskableInt_Handler

.text.HardFault_Handler%124
                0x0000000000004062        0x2
 .text.HardFault_Handler
                0x0000000000004062        0x2 build/default/production/_ext/1171490990/exceptions.o
                0x0000000000004062                HardFault_Handler

.text.DebugMonitor_Handler%125
                0x00000000000040e0        0x2
 .text.DebugMonitor_Handler
                0x00000000000040e0        0x2 build/default/production/_ext/1171490990/exceptions.o
                0x00000000000040e0                DebugMonitor_Handler

.text.MemoryManagement_Handler%126
                0x00000000000040e2        0x2
 .text.MemoryManagement_Handler
                0x00000000000040e2        0x2 build/default/production/_ext/1171490990/exceptions.o
                0x00000000000040e2                MemoryManagement_Handler

.text.BusFault_Handler%127
                0x00000000000040e4        0x2
 .text.BusFault_Handler
                0x00000000000040e4        0x2 build/default/production/_ext/1171490990/exceptions.o
                0x00000000000040e4                BusFault_Handler

.text.UsageFault_Handler%128
                0x00000000000040e6        0x2
 .text.UsageFault_Handler
                0x00000000000040e6        0x2 build/default/production/_ext/1171490990/exceptions.o
                0x00000000000040e6                UsageFault_Handler

.text.Dummy_App_Func%129
                0x00000000000040e8        0x2
 .text.Dummy_App_Func
                0x00000000000040e8        0x2 build/default/production/_ext/1171490990/startup_xc32.o
                0x00000000000040e8                _on_reset
                0x00000000000040e8                _on_bootstrap
                0x00000000000040e8                __xc32_on_reset
                0x00000000000040e8                Dummy_App_Func
                0x00000000000040e8                __xc32_on_bootstrap

.text.__dummy%130
                0x00000000000040ea        0x2
 .text.__dummy  0x00000000000040ea        0x2 c:/program files/microchip/xc32/v4.45/bin/bin/../../lib/gcc/pic32c/8.3.1/../../../../pic32c/lib/thumb/v7e-m+fp/hard\libc-musl.a(__libc_start_main.o)
                0x00000000000040ea                __init_stdio
                0x00000000000040ea                __init_host
