Archive member included to satisfy reference by file (symbol)

c:/program files/microchip/xc32/v4.45/bin/bin/../../lib/gcc/pic32c/8.3.1/../../../../pic32c/lib/thumb/v7e-m+fp/hard\libpic32c.a(data_init.o)
                              build/default/production/_ext/1171490990/startup_xc32.o (__pic32c_data_initialization)
c:/program files/microchip/xc32/v4.45/bin/bin/../../lib/gcc/pic32c/8.3.1/../../../../pic32c/lib/thumb/v7e-m+fp/hard\libc-size-musl.a(memcpy.o)
                              build/default/production/_ext/60165182/plib_can0.o (memcpy)
c:/program files/microchip/xc32/v4.45/bin/bin/../../lib/gcc/pic32c/8.3.1/../../../../pic32c/lib/thumb/v7e-m+fp/hard\libc-size-musl.a(memset.o)
                              build/default/production/_ext/60165182/plib_can0.o (memset)
c:/program files/microchip/xc32/v4.45/bin/bin/../../lib/gcc/pic32c/8.3.1/../../../../pic32c/lib/thumb/v7e-m+fp/hard\libc-musl.a(__libc_start_main.o)
                              build/default/production/_ext/1171490990/startup_xc32.o (__libc_init_array)
c:/program files/microchip/xc32/v4.45/bin/bin/../../lib/gcc/pic32c/8.3.1/../../../../pic32c/lib/thumb/v7e-m+fp/hard\libc-musl.a(libc.o)
                              c:/program files/microchip/xc32/v4.45/bin/bin/../../lib/gcc/pic32c/8.3.1/../../../../pic32c/lib/thumb/v7e-m+fp/hard\libc-musl.a(__libc_start_main.o) (__progname_full)
c:/program files/microchip/xc32/v4.45/bin/bin/../../lib/gcc/pic32c/8.3.1/../../../../pic32c/lib/thumb/v7e-m+fp/hard\libc-musl.a(__environ.o)
                              c:/program files/microchip/xc32/v4.45/bin/bin/../../lib/gcc/pic32c/8.3.1/../../../../pic32c/lib/thumb/v7e-m+fp/hard\libc-musl.a(__libc_start_main.o) (__environ)
c:/program files/microchip/xc32/v4.45/bin/bin/../../lib/gcc/pic32c/8.3.1/../../../../pic32c/lib/thumb/v7e-m+fp/hard\libpic32c.a(pic32_data_init_clear.o)
                              (__dinit_clear_needed)
c:/program files/microchip/xc32/v4.45/bin/bin/../../lib/gcc/pic32c/8.3.1/../../../../pic32c/lib/thumb/v7e-m+fp/hard\libpic32c.a(pic32_data_init_copy.o)
                              (__dinit_copy_needed)

Microchip PIC32 Memory-Usage Report

ROM Program-Memory Usage
section                    address  length [bytes]      (dec)  Description
-------                 ----------  -------------------------  -----------
.vectors                    0x2000          0x260         608   
.text                       0x2260           0x20          32  App's exec code 
.text.MET_Can_Protocol_     0x2280          0x410        1040   
.text.main                  0x2690          0x3d4         980   
.text.motorLoop             0x2a64          0x2f4         756   
.text.motorServiceModeM     0x2d58          0x1c8         456   
.text.ApplicationProtoc     0x2f20          0x18c         396   
.text.CAN0_InterruptHan     0x30ac          0x180         384   
.dinit                      0x322c          0x180         384   
.text.motorDriverOutput     0x33ac          0x160         352   
.text.CLOCK_Initialize      0x350c          0x144         324   
.text.MET_Can_Protocol_     0x3650          0x128         296   
.text.PORT_Initialize       0x3778           0xf4         244   
.text.motorCalibModeMan     0x386c           0xd4         212   
.text.CAN0_MessageTrans     0x3940           0xac         172   
.text.CAN0_MessageRAMCo     0x39ec           0x90         144   
.text.Reset_Handler         0x3a7c           0x90         144   
.text.motorMoveZ            0x3b0c           0x84         132   
.text.CAN0_Initialize       0x3b90           0x80         128   
.text.motorMoveX            0x3c10           0x74         116   
.text.motorMoveY            0x3c84           0x74         116   
.text.ADC1_Initialize       0x3cf8           0x5c          92   
.text.ADC0_Initialize       0x3d54           0x5c          92   
.text.__libc_start_init     0x3db0           0x5c          92   
.text.MET_Can_AppRestar     0x3e0c           0x58          88   
.text.GetY                  0x3e64           0x58          88   
.text.SetKeyMode            0x3ebc           0x58          88   
.text.motorSetPower         0x3f14           0x58          88   
.text.TCC0_PWMInitializ     0x3f6c           0x50          80   
.text.CAN0_MessageRecei     0x3fbc           0x4c          76   
.text.getPowerFromDista     0x4008           0x4a          74   
.text.EVSYS_Initialize      0x4052            0x2           2   
.text.rtcEventHandler       0x4054           0x48          72   
.text.GetZ                  0x409c           0x48          72   
.text.motorDisableModeM     0x40e4           0x48          72   
.text.RTC_Initialize        0x412c           0x44          68   
.text                       0x4170           0x40          64  App's exec code 
.text.NVIC_Initialize       0x41b0           0x40          64   
.text.GetX                  0x41f0           0x3c          60   
.text.CAN0_ErrorGet         0x422c           0x3a          58   
[...]
Memory Configuration

Name             Origin             Length             Attributes
rom              0x0000000000002000 0x00000000000fe000 xrl
ram              0x0000000020000010 0x000000000003fff0 xw !r
tcm              0x0000000003000000 0x0000000000000000 xw
config_00804000  0x0000000000804000 0x0000000000000004
config_00804008  0x0000000000804008 0x0000000000000004
config_00804004  0x0000000000804004 0x0000000000000004
*default*        0x0000000000000000 0xffffffffffffffff

Linker script and memory map

LOAD c:/program files/microchip/xc32/v4.45/bin/bin/../../lib/gcc/pic32c/8.3.1/thumb/v7e-m+fp/hard/crti.o
LOAD c:/program files/microchip/xc32/v4.45/bin/bin/../../lib/gcc/pic32c/8.3.1/thumb/v7e-m+fp/hard/crtbegin.o
LOAD build/default/production/_ext/1042908558/protocol.o
LOAD build/default/production/_ext/1894469536/MET_can_protocol.o
LOAD build/default/production/_ext/60163342/plib_adc1.o
LOAD build/default/production/_ext/60163342/plib_adc0.o
LOAD build/default/production/_ext/60165182/plib_can0.o
LOAD build/default/production/_ext/1984496892/plib_clock.o
LOAD build/default/production/_ext/1865131932/plib_cmcc.o
LOAD build/default/production/_ext/1986646378/plib_evsys.o
LOAD build/default/production/_ext/1865468468/plib_nvic.o
LOAD build/default/production/_ext/1593096446/plib_nvmctrl.o
LOAD build/default/production/_ext/1865521619/plib_port.o
LOAD build/default/production/_ext/60180175/plib_rtc_timer.o
LOAD build/default/production/_ext/60181570/plib_tcc0.o
LOAD build/default/production/_ext/163028504/xc32_monitor.o
LOAD build/default/production/_ext/1171490990/initialization.o
LOAD build/default/production/_ext/1171490990/interrupts.o
LOAD build/default/production/_ext/1171490990/exceptions.o
LOAD build/default/production/_ext/1171490990/startup_xc32.o
LOAD build/default/production/_ext/1171490990/libc_syscalls.o
LOAD build/default/production/_ext/1360937237/main.o
LOAD build/default/production/_ext/1023676168/motors.o
                0x0000000000000001                __MPLAB_BUILD = 0x1
                0x0000000000100000                __rom_end = (ORIGIN (rom) + LENGTH (rom))
                0x0000000020040000                __ram_end = (ORIGIN (ram) + LENGTH (ram))

.config_00804000
 *(.config_00804000)

.config_00804008
 *(.config_00804008)

.config_00804004
 *(.config_00804004)

.vectors        0x0000000000002000      0x260
                0x0000000000002000                . = ALIGN (0x4)
                0x0000000000002000                _sfixed = .
 *(.vectors .vectors.* .vectors_default .vectors_default.*)
 .vectors.exception_table
                0x0000000000002000      0x260 build/default/production/_ext/1171490990/interrupts.o
                0x0000000000002000                exception_table
 *(.isr_vector)
 *(.reset*)
 *(.after_vectors)

.text           0x0000000000002260       0x20
                0x0000000000002260                . = ALIGN (0x4)
 *(.glue_7t)
 .glue_7t       0x0000000000002260        0x0 linker stubs
 *(.glue_7)
 .glue_7        0x0000000000002260        0x0 linker stubs
 *(.gnu.linkonce.r.*)
 *(.ARM.extab* .gnu.linkonce.armextab.*)
                0x0000000000002260                . = ALIGN (0x4)
 *(.init)
 .init          0x0000000000002260        0x4 c:/program files/microchip/xc32/v4.45/bin/bin/../../lib/gcc/pic32c/8.3.1/thumb/v7e-m+fp/hard/crti.o
                0x0000000000002260                _init
 .init          0x0000000000002264        0x8 c:/program files/microchip/xc32/v4.45/bin/bin/../../lib/gcc/pic32c/8.3.1/thumb/v7e-m+fp/hard/crtn.o
                0x000000000000226c                . = ALIGN (0x4)
                0x000000000000226c                __preinit_array_start = .
 *(.preinit_array)
                0x000000000000226c                __preinit_array_end = .
                0x000000000000226c                . = ALIGN (0x4)
                0x000000000000226c                __init_array_start = .
 *(SORT_BY_NAME(.init_array.*))
 *(.init_array)
 .init_array    0x000000000000226c        0x4 c:/program files/microchip/xc32/v4.45/bin/bin/../../lib/gcc/pic32c/8.3.1/thumb/v7e-m+fp/hard/crtbegin.o
                0x0000000000002270                __init_array_end = .
                0x0000000000002270                . = ALIGN (0x4)
 *crtbegin.o(.ctors)
 *(EXCLUDE_FILE(*crtend.o) .ctors)
 *(SORT_BY_NAME(.ctors.*))
 *crtend.o(.ctors)
                0x0000000000002270                . = ALIGN (0x4)
 *(.fini)
 .fini          0x0000000000002270        0x4 c:/program files/microchip/xc32/v4.45/bin/bin/../../lib/gcc/pic32c/8.3.1/thumb/v7e-m+fp/hard/crti.o
                0x0000000000002270                _fini
 .fini          0x0000000000002274        0x8 c:/program files/microchip/xc32/v4.45/bin/bin/../../lib/gcc/pic32c/8.3.1/thumb/v7e-m+fp/hard/crtn.o
                0x000000000000227c                . = ALIGN (0x4)
                0x000000000000227c                __fini_array_start = .
 *(.fini_array)
 .fini_array    0x000000000000227c        0x4 c:/program files/microchip/xc32/v4.45/bin/bin/../../lib/gcc/pic32c/8.3.1/thumb/v7e-m+fp/hard/crtbegin.o
 *(SORT_BY_NAME(.fini_array.*))
                0x0000000000002280                __fini_array_end = .
 *crtbegin.o(.dtors)
 *(EXCLUDE_FILE(*crtend.o) .dtors)
 *(SORT_BY_NAME(.dtors.*))
 *crtend.o(.dtors)
                0x0000000000002280                . = ALIGN (0x4)
                0x0000000000002280                _efixed = .
                [!provide]                        PROVIDE (__exidx_start = .)

.ARM.exidx
 *(.ARM.exidx* .gnu.linkonce.armexidx.*)
                [!provide]                        PROVIDE (__exidx_end = .)
                0x0000000000002280                . = ALIGN (0x4)
                0x0000000000002280                _etext = .

.bss            0x0000000020000010        0x0
                0x0000000020000010                . = ALIGN (0x4)
                0x0000000020000010                __bss_start__ = .
                0x0000000020000010                _sbss = .
                0x0000000020000010                _szero = .
 *(COMMON)
                0x0000000020000010                . = ALIGN (0x4)
                0x0000000020000010                __bss_end__ = .
                0x0000000020000010                _ebss = .
                0x0000000020000010                _ezero = .
                0x0000000020000010                . = ALIGN (0x4)
                0x0000000020000010                _end = .
                0x000000002003ffff                _ram_end_ = ((ORIGIN (ram) + LENGTH (ram)) - 0x1)
                0x0000000000000200                _min_heap_size = 0x200
START GROUP
LOAD c:/program files/microchip/xc32/v4.45/bin/bin/../../lib/gcc/pic32c/8.3.1/../../../../pic32c/lib/thumb/v7e-m+fp/hard\libpic32c.a
LOAD c:/program files/microchip/xc32/v4.45/bin/bin/../../lib/gcc/pic32c/8.3.1/../../../../pic32c/lib/thumb/v7e-m+fp/hard\libc-size-musl.a
LOAD c:/program files/microchip/xc32/v4.45/bin/bin/../../lib/gcc/pic32c/8.3.1/../../../../pic32c/lib/thumb/v7e-m+fp/hard\liblmalloc-musl.a
LOAD c:/program files/microchip/xc32/v4.45/bin/bin/../../lib/gcc/pic32c/8.3.1/../../../../pic32c/lib/thumb/v7e-m+fp/hard\libm-fast-emfloat.a
LOAD c:/program files/microchip/xc32/v4.45/bin/bin/../../lib/gcc/pic32c/8.3.1/../../../../pic32c/lib/thumb/v7e-m+fp/hard\libm-musl.a
LOAD c:/program files/microchip/xc32/v4.45/bin/bin/../../lib/gcc/pic32c/8.3.1/../../../../pic32c/lib/thumb/v7e-m+fp/hard\libc-musl.a
LOAD c:/program files/microchip/xc32/v4.45/bin/bin/../../lib/gcc/pic32c/8.3.1/../../../../pic32c/lib/thumb/v7e-m+fp/hard\libm-fast-emfloat.a
LOAD c:/program files/microchip/xc32/v4.45/bin/bin/../../lib/gcc/pic32c/8.3.1/../../../../pic32c/lib/thumb/v7e-m+fp/hard\libm-musl.a
LOAD c:/program files/microchip/xc32/v4.45/bin/bin/../../lib/gcc/pic32c/8.3.1/thumb/v7e-m+fp/hard\libgcc.a
END GROUP
LOAD c:/program files/microchip/xc32/v4.45/bin/bin/../../lib/gcc/pic32c/8.3.1/thumb/v7e-m+fp/hard/crtend.o
LOAD c:/program files/microchip/xc32/v4.45/bin/bin/../../lib/gcc/pic32c/8.3.1/thumb/v7e-m+fp/hard/crtn.o
OUTPUT(dist/default/production/FW325.X.production.elf elf32-littlearm)
LOAD data_init
LOAD stack

.ARM.attributes
                0x0000000000000000       0x34
 .ARM.attributes
                0x0000000000000000       0x1e c:/program files/microchip/xc32/v4.45/bin/bin/../../lib/gcc/pic32c/8.3.1/thumb/v7e-m+fp/hard/crti.o
 .ARM.attributes
                0x000000000000001e       0x34 c:/program files/microchip/xc32/v4.45/bin/bin/../../lib/gcc/pic32c/8.3.1/thumb/v7e-m+fp/hard/crtbegin.o
 .ARM.attributes
                0x0000000000000052       0x34 build/default/production/_ext/1042908558/protocol.o
 .ARM.attributes
                0x0000000000000086       0x34 build/default/production/_ext/1894469536/MET_can_protocol.o
 .ARM.attributes
                0x00000000000000ba       0x34 build/default/production/_ext/60163342/plib_adc1.o
 .ARM.attributes
                0x00000000000000ee       0x34 build/default/production/_ext/60163342/plib_adc0.o
 .ARM.attributes
                0x0000000000000122       0x34 build/default/production/_ext/60165182/plib_can0.o
 .ARM.attributes
                0x0000000000000156       0x34 build/default/production/_ext/1984496892/plib_clock.o
 .ARM.attributes
                0x000000000000018a       0x34 build/default/production/_ext/1986646378/plib_evsys.o
 .ARM.attributes
                0x00000000000001be       0x34 build/default/production/_ext/1865468468/plib_nvic.o
 .ARM.attributes
                0x00000000000001f2       0x34 build/default/production/_ext/1593096446/plib_nvmctrl.o
 .ARM.attributes
                0x0000000000000226       0x34 build/default/production/_ext/1865521619/plib_port.o
 .ARM.attributes
                0x000000000000025a       0x34 build/default/production/_ext/60180175/plib_rtc_timer.o
 .ARM.attributes
                0x000000000000028e       0x34 build/default/production/_ext/60181570/plib_tcc0.o
 .ARM.attributes
                0x00000000000002c2       0x34 build/default/production/_ext/1171490990/initialization.o
 .ARM.attributes
                0x00000000000002f6       0x34 build/default/production/_ext/1171490990/interrupts.o
 .ARM.attributes
                0x000000000000032a       0x34 build/default/production/_ext/1171490990/exceptions.o
 .ARM.attributes
                0x000000000000035e       0x34 build/default/production/_ext/1171490990/startup_xc32.o
 .ARM.attributes
                0x0000000000000392       0x34 build/default/production/_ext/1360937237/main.o
 .ARM.attributes
                0x00000000000003c6       0x34 build/default/production/_ext/1023676168/motors.o
 .ARM.attributes
                0x00000000000003fa       0x34 c:/program files/microchip/xc32/v4.45/bin/bin/../../lib/gcc/pic32c/8.3.1/../../../../pic32c/lib/thumb/v7e-m+fp/hard\libpic32c.a(data_init.o)
 .ARM.attributes
                0x000000000000042e       0x36 c:/program files/microchip/xc32/v4.45/bin/bin/../../lib/gcc/pic32c/8.3.1/../../../../pic32c/lib/thumb/v7e-m+fp/hard\libc-size-musl.a(memcpy.o)
 .ARM.attributes
                0x0000000000000464       0x36 c:/program files/microchip/xc32/v4.45/bin/bin/../../lib/gcc/pic32c/8.3.1/../../../../pic32c/lib/thumb/v7e-m+fp/hard\libc-size-musl.a(memset.o)
 .ARM.attributes
                0x000000000000049a       0x36 c:/program files/microchip/xc32/v4.45/bin/bin/../../lib/gcc/pic32c/8.3.1/../../../../pic32c/lib/thumb/v7e-m+fp/hard\libc-musl.a(__libc_start_main.o)
 .ARM.attributes
                0x00000000000004d0       0x34 c:/program files/microchip/xc32/v4.45/bin/bin/../../lib/gcc/pic32c/8.3.1/../../../../pic32c/lib/thumb/v7e-m+fp/hard\libc-musl.a(libc.o)
 .ARM.attributes
                0x0000000000000504       0x34 c:/program files/microchip/xc32/v4.45/bin/bin/../../lib/gcc/pic32c/8.3.1/../../../../pic32c/lib/thumb/v7e-m+fp/hard\libc-musl.a(__environ.o)
 .ARM.attributes
                0x0000000000000538       0x1e c:/program files/microchip/xc32/v4.45/bin/bin/../../lib/gcc/pic32c/8.3.1/thumb/v7e-m+fp/hard/crtn.o
 .ARM.attributes
                0x0000000000000556       0x34 c:/program files/microchip/xc32/v4.45/bin/bin/../../lib/gcc/pic32c/8.3.1/../../../../pic32c/lib/thumb/v7e-m+fp/hard\libpic32c.a(pic32_data_init_clear.o)
 .ARM.attributes
                0x000000000000058a       0x34 c:/program files/microchip/xc32/v4.45/bin/bin/../../lib/gcc/pic32c/8.3.1/../../../../pic32c/lib/thumb/v7e-m+fp/hard\libpic32c.a(pic32_data_init_copy.o)

.comment        0x0000000000000000       0x2b
 .comment       0x0000000000000000       0x2b c:/program files/microchip/xc32/v4.45/bin/bin/../../lib/gcc/pic32c/8.3.1/thumb/v7e-m+fp/hard/crtbegin.o
                                         0x2c (size before relaxing)
 .comment       0x000000000000002b       0x2c build/default/production/_ext/1042908558/protocol.o
 .comment       0x000000000000002b       0x2c build/default/production/_ext/1894469536/MET_can_protocol.o
 .comment       0x000000000000002b       0x2c build/default/production/_ext/60163342/plib_adc1.o
 .comment       0x000000000000002b       0x2c build/default/production/_ext/60163342/plib_adc0.o
 .comment       0x000000000000002b       0x2c build/default/production/_ext/60165182/plib_can0.o
 .comment       0x000000000000002b       0x2c build/default/production/_ext/1984496892/plib_clock.o
 .comment       0x000000000000002b       0x2c build/default/production/_ext/1986646378/plib_evsys.o
 .comment       0x000000000000002b       0x2c build/default/production/_ext/1865468468/plib_nvic.o
 .comment       0x000000000000002b       0x2c build/default/production/_ext/1593096446/plib_nvmctrl.o
 .comment       0x000000000000002b       0x2c build/default/production/_ext/1865521619/plib_port.o
 .comment       0x000000000000002b       0x2c build/default/production/_ext/60180175/plib_rtc_timer.o
 .comment       0x000000000000002b       0x2c build/default/production/_ext/60181570/plib_tcc0.o
 .comment       0x000000000000002b       0x2c build/default/production/_ext/1171490990/initialization.o
 .comment       0x000000000000002b       0x2c build/default/production/_ext/1171490990/interrupts.o
 .comment       0x000000000000002b       0x2c build/default/production/_ext/1171490990/exceptions.o
 .comment       0x000000000000002b       0x2c build/default/production/_ext/1171490990/startup_xc32.o
 .comment       0x000000000000002b       0x2c build/default/production/_ext/1360937237/main.o
 .comment       0x000000000000002b       0x2c build/default/production/_ext/1023676168/motors.o
 .comment       0x000000000000002b       0x2c c:/program files/microchip/xc32/v4.45/bin/bin/../../lib/gcc/pic32c/8.3.1/../../../../pic32c/lib/thumb/v7e-m+fp/hard\libpic32c.a(data_init.o)
 .comment       0x000000000000002b       0x2c c:/program files/microchip/xc32/v4.45/bin/bin/../../lib/gcc/pic32c/8.3.1/../../../../pic32c/lib/thumb/v7e-m+fp/hard\libc-size-musl.a(memcpy.o)
 .comment       0x000000000000002b       0x2c c:/program files/microchip/xc32/v4.45/bin/bin/../../lib/gcc/pic32c/8.3.1/../../../../pic32c/lib/thumb/v7e-m+fp/hard\libc-size-musl.a(memset.o)
 .comment       0x000000000000002b       0x2c c:/program files/microchip/xc32/v4.45/bin/bin/../../lib/gcc/pic32c/8.3.1/../../../../pic32c/lib/thumb/v7e-m+fp/hard\libc-musl.a(__libc_start_main.o)
 .comment       0x000000000000002b       0x2c c:/program files/microchip/xc32/v4.45/bin/bin/../../lib/gcc/pic32c/8.3.1/../../../../pic32c/lib/thumb/v7e-m+fp/hard\libc-musl.a(libc.o)
 .comment       0x000000000000002b       0x2c c:/program files/microchip/xc32/v4.45/bin/bin/../../lib/gcc/pic32c/8.3.1/../../../../pic32c/lib/thumb/v7e-m+fp/hard\libc-musl.a(__environ.o)
 .comment       0x000000000000002b       0x2c c:/program files/microchip/xc32/v4.45/bin/bin/../../lib/gcc/pic32c/8.3.1/../../../../pic32c/lib/thumb/v7e-m+fp/hard\libpic32c.a(pic32_data_init_clear.o)
 .comment       0x000000000000002b       0x2c c:/program files/microchip/xc32/v4.45/bin/bin/../../lib/gcc/pic32c/8.3.1/../../../../pic32c/lib/thumb/v7e-m+fp/hard\libpic32c.a(pic32_data_init_copy.o)

.debug_info     0x0000000000000000     0xac7a
 .debug_info    0x0000000000000000      0xadd build/default/production/_ext/1042908558/protocol.o
 .debug_info    0x0000000000000add     0x1388 build/default/production/_ext/1894469536/MET_can_protocol.o
 .debug_info    0x0000000000001e65      0x68a build/default/production/_ext/60163342/plib_adc1.o
 .debug_info    0x00000000000024ef      0x68a build/default/production/_ext/60163342/plib_adc0.o
 .debug_info    0x0000000000002b79     0x1156 build/default/production/_ext/60165182/plib_can0.o
 .debug_info    0x0000000000003ccf      0x658 build/default/production/_ext/1984496892/plib_clock.o
 .debug_info    0x0000000000004327       0x9b build/default/production/_ext/1986646378/plib_evsys.o
 .debug_info    0x00000000000043c2      0xa70 build/default/production/_ext/1865468468/plib_nvic.o
 .debug_info    0x0000000000004e32      0x71a build/default/production/_ext/1593096446/plib_nvmctrl.o
 .debug_info    0x000000000000554c      0x6df build/default/production/_ext/1865521619/plib_port.o
 .debug_info    0x0000000000005c2b      0xa9d build/default/production/_ext/60180175/plib_rtc_timer.o
 .debug_info    0x00000000000066c8      0x503 build/default/production/_ext/60181570/plib_tcc0.o
 .debug_info    0x0000000000006bcb      0x19e build/default/production/_ext/1171490990/initialization.o
 .debug_info    0x0000000000006d69      0xa6c build/default/production/_ext/1171490990/interrupts.o
 .debug_info    0x00000000000077d5      0x10f build/default/production/_ext/1171490990/exceptions.o
 .debug_info    0x00000000000078e4      0x5b1 build/default/production/_ext/1171490990/startup_xc32.o
 .debug_info    0x0000000000007e95     0x1084 build/default/production/_ext/1360937237/main.o
 .debug_info    0x0000000000008f19     0x14d8 build/default/production/_ext/1023676168/motors.o
 .debug_info    0x000000000000a3f1       0x54 c:/program files/microchip/xc32/v4.45/bin/bin/../../lib/gcc/pic32c/8.3.1/../../../../pic32c/lib/thumb/v7e-m+fp/hard\libpic32c.a(data_init.o)
 .debug_info    0x000000000000a445       0xf3 c:/program files/microchip/xc32/v4.45/bin/bin/../../lib/gcc/pic32c/8.3.1/../../../../pic32c/lib/thumb/v7e-m+fp/hard\libc-size-musl.a(memcpy.o)
 .debug_info    0x000000000000a538       0xbb c:/program files/microchip/xc32/v4.45/bin/bin/../../lib/gcc/pic32c/8.3.1/../../../../pic32c/lib/thumb/v7e-m+fp/hard\libc-size-musl.a(memset.o)
 .debug_info    0x000000000000a5f3      0x2fb c:/program files/microchip/xc32/v4.45/bin/bin/../../lib/gcc/pic32c/8.3.1/../../../../pic32c/lib/thumb/v7e-m+fp/hard\libc-musl.a(__libc_start_main.o)
 .debug_info    0x000000000000a8ee      0x276 c:/program files/microchip/xc32/v4.45/bin/bin/../../lib/gcc/pic32c/8.3.1/../../../../pic32c/lib/thumb/v7e-m+fp/hard\libc-musl.a(libc.o)
 .debug_info    0x000000000000ab64       0x97 c:/program files/microchip/xc32/v4.45/bin/bin/../../lib/gcc/pic32c/8.3.1/../../../../pic32c/lib/thumb/v7e-m+fp/hard\libc-musl.a(__environ.o)
 .debug_info    0x000000000000abfb       0x3f c:/program files/microchip/xc32/v4.45/bin/bin/../../lib/gcc/pic32c/8.3.1/../../../../pic32c/lib/thumb/v7e-m+fp/hard\libpic32c.a(pic32_data_init_clear.o)
 .debug_info    0x000000000000ac3a       0x40 c:/program files/microchip/xc32/v4.45/bin/bin/../../lib/gcc/pic32c/8.3.1/../../../../pic32c/lib/thumb/v7e-m+fp/hard\libpic32c.a(pic32_data_init_copy.o)

.debug_abbrev   0x0000000000000000     0x25d4
 .debug_abbrev  0x0000000000000000      0x20c build/default/production/_ext/1042908558/protocol.o
 .debug_abbrev  0x000000000000020c      0x446 build/default/production/_ext/1894469536/MET_can_protocol.o
 .debug_abbrev  0x0000000000000652      0x161 build/default/production/_ext/60163342/plib_adc1.o
 .debug_abbrev  0x00000000000007b3      0x161 build/default/production/_ext/60163342/plib_adc0.o
 .debug_abbrev  0x0000000000000914      0x33a build/default/production/_ext/60165182/plib_can0.o
 .debug_abbrev  0x0000000000000c4e      0x10b build/default/production/_ext/1984496892/plib_clock.o
 .debug_abbrev  0x0000000000000d59       0x46 build/default/production/_ext/1986646378/plib_evsys.o
 .debug_abbrev  0x0000000000000d9f      0x20f build/default/production/_ext/1865468468/plib_nvic.o
 .debug_abbrev  0x0000000000000fae      0x1fa build/default/production/_ext/1593096446/plib_nvmctrl.o
 .debug_abbrev  0x00000000000011a8      0x1cd build/default/production/_ext/1865521619/plib_port.o
 .debug_abbrev  0x0000000000001375      0x1d1 build/default/production/_ext/60180175/plib_rtc_timer.o
 .debug_abbrev  0x0000000000001546      0x133 build/default/production/_ext/60181570/plib_tcc0.o
 .debug_abbrev  0x0000000000001679       0x96 build/default/production/_ext/1171490990/initialization.o
 .debug_abbrev  0x000000000000170f       0xc0 build/default/production/_ext/1171490990/interrupts.o
 .debug_abbrev  0x00000000000017cf       0x49 build/default/production/_ext/1171490990/exceptions.o
 .debug_abbrev  0x0000000000001818      0x1fe build/default/production/_ext/1171490990/startup_xc32.o
 .debug_abbrev  0x0000000000001a16      0x35c build/default/production/_ext/1360937237/main.o
 .debug_abbrev  0x0000000000001d72      0x3fc build/default/production/_ext/1023676168/motors.o
 .debug_abbrev  0x000000000000216e       0x44 c:/program files/microchip/xc32/v4.45/bin/bin/../../lib/gcc/pic32c/8.3.1/../../../../pic32c/lib/thumb/v7e-m+fp/hard\libpic32c.a(data_init.o)
 .debug_abbrev  0x00000000000021b2       0xbb c:/program files/microchip/xc32/v4.45/bin/bin/../../lib/gcc/pic32c/8.3.1/../../../../pic32c/lib/thumb/v7e-m+fp/hard\libc-size-musl.a(memcpy.o)
 .debug_abbrev  0x000000000000226d       0xa2 c:/program files/microchip/xc32/v4.45/bin/bin/../../lib/gcc/pic32c/8.3.1/../../../../pic32c/lib/thumb/v7e-m+fp/hard\libc-size-musl.a(memset.o)
 .debug_abbrev  0x000000000000230f      0x133 c:/program files/microchip/xc32/v4.45/bin/bin/../../lib/gcc/pic32c/8.3.1/../../../../pic32c/lib/thumb/v7e-m+fp/hard\libc-musl.a(__libc_start_main.o)
 .debug_abbrev  0x0000000000002442       0xd4 c:/program files/microchip/xc32/v4.45/bin/bin/../../lib/gcc/pic32c/8.3.1/../../../../pic32c/lib/thumb/v7e-m+fp/hard\libc-musl.a(libc.o)
 .debug_abbrev  0x0000000000002516       0x62 c:/program files/microchip/xc32/v4.45/bin/bin/../../lib/gcc/pic32c/8.3.1/../../../../pic32c/lib/thumb/v7e-m+fp/hard\libc-musl.a(__environ.o)
 .debug_abbrev  0x0000000000002578       0x2e c:/program files/microchip/xc32/v4.45/bin/bin/../../lib/gcc/pic32c/8.3.1/../../../../pic32c/lib/thumb/v7e-m+fp/hard\libpic32c.a(pic32_data_init_clear.o)
 .debug_abbrev  0x00000000000025a6       0x2e c:/program files/microchip/xc32/v4.45/bin/bin/../../lib/gcc/pic32c/8.3.1/../../../../pic32c/lib/thumb/v7e-m+fp/hard\libpic32c.a(pic32_data_init_copy.o)

.debug_loc      0x0000000000000000     0x32a4
 .debug_loc     0x0000000000000000      0x51a build/default/production/_ext/1042908558/protocol.o
 .debug_loc     0x000000000000051a      0x9f3 build/default/production/_ext/1894469536/MET_can_protocol.o
 .debug_loc     0x0000000000000f0d      0x129 build/default/production/_ext/60163342/plib_adc1.o
 .debug_loc     0x0000000000001036      0x129 build/default/production/_ext/60163342/plib_adc0.o
 .debug_loc     0x000000000000115f      0x999 build/default/production/_ext/60165182/plib_can0.o
 .debug_loc     0x0000000000001af8       0xf9 build/default/production/_ext/1865468468/plib_nvic.o
 .debug_loc     0x0000000000001bf1      0x4bf build/default/production/_ext/1593096446/plib_nvmctrl.o
 .debug_loc     0x00000000000020b0      0x1e8 build/default/production/_ext/1865521619/plib_port.o
 .debug_loc     0x0000000000002298       0xb4 build/default/production/_ext/60180175/plib_rtc_timer.o
 .debug_loc     0x000000000000234c      0x161 build/default/production/_ext/60181570/plib_tcc0.o
 .debug_loc     0x00000000000024ad       0x45 build/default/production/_ext/1171490990/initialization.o
 .debug_loc     0x00000000000024f2       0x60 build/default/production/_ext/1171490990/startup_xc32.o
 .debug_loc     0x0000000000002552      0x309 build/default/production/_ext/1360937237/main.o
 .debug_loc     0x000000000000285b      0x848 build/default/production/_ext/1023676168/motors.o
 .debug_loc     0x00000000000030a3       0x14 c:/program files/microchip/xc32/v4.45/bin/bin/../../lib/gcc/pic32c/8.3.1/../../../../pic32c/lib/thumb/v7e-m+fp/hard\libpic32c.a(data_init.o)
 .debug_loc     0x00000000000030b7      0x10b c:/program files/microchip/xc32/v4.45/bin/bin/../../lib/gcc/pic32c/8.3.1/../../../../pic32c/lib/thumb/v7e-m+fp/hard\libc-size-musl.a(memcpy.o)
 .debug_loc     0x00000000000031c2       0x7d c:/program files/microchip/xc32/v4.45/bin/bin/../../lib/gcc/pic32c/8.3.1/../../../../pic32c/lib/thumb/v7e-m+fp/hard\libc-size-musl.a(memset.o)
 .debug_loc     0x000000000000323f       0x51 c:/program files/microchip/xc32/v4.45/bin/bin/../../lib/gcc/pic32c/8.3.1/../../../../pic32c/lib/thumb/v7e-m+fp/hard\libc-musl.a(__libc_start_main.o)
 .debug_loc     0x0000000000003290       0x14 c:/program files/microchip/xc32/v4.45/bin/bin/../../lib/gcc/pic32c/8.3.1/../../../../pic32c/lib/thumb/v7e-m+fp/hard\libpic32c.a(pic32_data_init_copy.o)

.debug_aranges  0x0000000000000000      0x810
 .debug_aranges
                0x0000000000000000       0x40 build/default/production/_ext/1042908558/protocol.o
 .debug_aranges
                0x0000000000000040       0xc0 build/default/production/_ext/1894469536/MET_can_protocol.o
 .debug_aranges
                0x0000000000000100       0x80 build/default/production/_ext/60163342/plib_adc1.o
 .debug_aranges
                0x0000000000000180       0x80 build/default/production/_ext/60163342/plib_adc0.o
 .debug_aranges
                0x0000000000000200       0xa0 build/default/production/_ext/60165182/plib_can0.o
 .debug_aranges
                0x00000000000002a0       0x20 build/default/production/_ext/1984496892/plib_clock.o
 .debug_aranges
                0x00000000000002c0       0x20 build/default/production/_ext/1986646378/plib_evsys.o
 .debug_aranges
                0x00000000000002e0       0x38 build/default/production/_ext/1865468468/plib_nvic.o
 .debug_aranges
                0x0000000000000318       0xb0 build/default/production/_ext/1593096446/plib_nvmctrl.o
 .debug_aranges
                0x00000000000003c8       0x70 build/default/production/_ext/1865521619/plib_port.o
 .debug_aranges
                0x0000000000000438       0xa0 build/default/production/_ext/60180175/plib_rtc_timer.o
 .debug_aranges
                0x00000000000004d8       0x78 build/default/production/_ext/60181570/plib_tcc0.o
 .debug_aranges
                0x0000000000000550       0x20 build/default/production/_ext/1171490990/initialization.o
 .debug_aranges
                0x0000000000000570       0x20 build/default/production/_ext/1171490990/interrupts.o
 .debug_aranges
                0x0000000000000590       0x48 build/default/production/_ext/1171490990/exceptions.o
 .debug_aranges
                0x00000000000005d8       0x28 build/default/production/_ext/1171490990/startup_xc32.o
 .debug_aranges
                0x0000000000000600       0x60 build/default/production/_ext/1360937237/main.o
 .debug_aranges
                0x0000000000000660       0xb0 build/default/production/_ext/1023676168/motors.o
 .debug_aranges
                0x0000000000000710       0x28 c:/program files/microchip/xc32/v4.45/bin/bin/../../lib/gcc/pic32c/8.3.1/../../../../pic32c/lib/thumb/v7e-m+fp/hard\libpic32c.a(data_init.o)
 .debug_aranges
                0x0000000000000738       0x20 c:/program files/microchip/xc32/v4.45/bin/bin/../../lib/gcc/pic32c/8.3.1/../../../../pic32c/lib/thumb/v7e-m+fp/hard\libc-size-musl.a(memcpy.o)
 .debug_aranges
                0x0000000000000758       0x20 c:/program files/microchip/xc32/v4.45/bin/bin/../../lib/gcc/pic32c/8.3.1/../../../../pic32c/lib/thumb/v7e-m+fp/hard\libc-size-musl.a(memset.o)
 .debug_aranges
                0x0000000000000778       0x28 c:/program files/microchip/xc32/v4.45/bin/bin/../../lib/gcc/pic32c/8.3.1/../../../../pic32c/lib/thumb/v7e-m+fp/hard\libc-musl.a(__libc_start_main.o)
 .debug_aranges
                0x00000000000007a0       0x18 c:/program files/microchip/xc32/v4.45/bin/bin/../../lib/gcc/pic32c/8.3.1/../../../../pic32c/lib/thumb/v7e-m+fp/hard\libc-musl.a(libc.o)
 .debug_aranges
                0x00000000000007b8       0x18 c:/program files/microchip/xc32/v4.45/bin/bin/../../lib/gcc/pic32c/8.3.1/../../../../pic32c/lib/thumb/v7e-m+fp/hard\libc-musl.a(__environ.o)
 .debug_aranges
                0x00000000000007d0       0x20 c:/program files/microchip/xc32/v4.45/bin/bin/../../lib/gcc/pic32c/8.3.1/../../../../pic32c/lib/thumb/v7e-m+fp/hard\libpic32c.a(pic32_data_init_clear.o)
 .debug_aranges
                0x00000000000007f0       0x20 c:/program files/microchip/xc32/v4.45/bin/bin/../../lib/gcc/pic32c/8.3.1/../../../../pic32c/lib/thumb/v7e-m+fp/hard\libpic32c.a(pic32_data_init_copy.o)

.debug_ranges   0x0000000000000000      0x7a0
 .debug_ranges  0x0000000000000000       0x30 build/default/production/_ext/1042908558/protocol.o
 .debug_ranges  0x0000000000000030       0xe0 build/default/production/_ext/1894469536/MET_can_protocol.o
 .debug_ranges  0x0000000000000110       0x70 build/default/production/_ext/60163342/plib_adc1.o
 .debug_ranges  0x0000000000000180       0x70 build/default/production/_ext/60163342/plib_adc0.o
 .debug_ranges  0x00000000000001f0       0x90 build/default/production/_ext/60165182/plib_can0.o
 .debug_ranges  0x0000000000000280       0x10 build/default/production/_ext/1984496892/plib_clock.o
 .debug_ranges  0x0000000000000290       0x10 build/default/production/_ext/1986646378/plib_evsys.o
 .debug_ranges  0x00000000000002a0       0x28 build/default/production/_ext/1865468468/plib_nvic.o
 .debug_ranges  0x00000000000002c8       0xa0 build/default/production/_ext/1593096446/plib_nvmctrl.o
 .debug_ranges  0x0000000000000368       0x60 build/default/production/_ext/1865521619/plib_port.o
 .debug_ranges  0x00000000000003c8       0x90 build/default/production/_ext/60180175/plib_rtc_timer.o
 .debug_ranges  0x0000000000000458       0x68 build/default/production/_ext/60181570/plib_tcc0.o
 .debug_ranges  0x00000000000004c0       0x10 build/default/production/_ext/1171490990/initialization.o
 .debug_ranges  0x00000000000004d0       0x10 build/default/production/_ext/1171490990/interrupts.o
 .debug_ranges  0x00000000000004e0       0x38 build/default/production/_ext/1171490990/exceptions.o
 .debug_ranges  0x0000000000000518       0x18 build/default/production/_ext/1171490990/startup_xc32.o
 .debug_ranges  0x0000000000000530      0x108 build/default/production/_ext/1360937237/main.o
 .debug_ranges  0x0000000000000638       0xd0 build/default/production/_ext/1023676168/motors.o
 .debug_ranges  0x0000000000000708       0x18 c:/program files/microchip/xc32/v4.45/bin/bin/../../lib/gcc/pic32c/8.3.1/../../../../pic32c/lib/thumb/v7e-m+fp/hard\libpic32c.a(data_init.o)
 .debug_ranges  0x0000000000000720       0x10 c:/program files/microchip/xc32/v4.45/bin/bin/../../lib/gcc/pic32c/8.3.1/../../../../pic32c/lib/thumb/v7e-m+fp/hard\libc-size-musl.a(memcpy.o)
 .debug_ranges  0x0000000000000730       0x10 c:/program files/microchip/xc32/v4.45/bin/bin/../../lib/gcc/pic32c/8.3.1/../../../../pic32c/lib/thumb/v7e-m+fp/hard\libc-size-musl.a(memset.o)
 .debug_ranges  0x0000000000000740       0x40 c:/program files/microchip/xc32/v4.45/bin/bin/../../lib/gcc/pic32c/8.3.1/../../../../pic32c/lib/thumb/v7e-m+fp/hard\libc-musl.a(__libc_start_main.o)
 .debug_ranges  0x0000000000000780       0x10 c:/program files/microchip/xc32/v4.45/bin/bin/../../lib/gcc/pic32c/8.3.1/../../../../pic32c/lib/thumb/v7e-m+fp/hard\libpic32c.a(pic32_data_init_clear.o)
 .debug_ranges  0x0000000000000790       0x10 c:/program files/microchip/xc32/v4.45/bin/bin/../../lib/gcc/pic32c/8.3.1/../../../../pic32c/lib/thumb/v7e-m+fp/hard\libpic32c.a(pic32_data_init_copy.o)

.debug_line     0x0000000000000000     0x5507
 .debug_line    0x0000000000000000      0x255 build/default/production/_ext/1042908558/protocol.o
 .debug_line    0x0000000000000255      0xc41 build/default/production/_ext/1894469536/MET_can_protocol.o
 .debug_line    0x0000000000000e96      0x34e build/default/production/_ext/60163342/plib_adc1.o
 .debug_line    0x00000000000011e4      0x34e build/default/production/_ext/60163342/plib_adc0.o
 .debug_line    0x0000000000001532      0x7f2 build/default/production/_ext/60165182/plib_can0.o
 .debug_line    0x0000000000001d24      0x2f0 build/default/production/_ext/1984496892/plib_clock.o
 .debug_line    0x0000000000002014       0x66 build/default/production/_ext/1986646378/plib_evsys.o
 .debug_line    0x000000000000207a      0x2f7 build/default/production/_ext/1865468468/plib_nvic.o
 .debug_line    0x0000000000002371      0x430 build/default/production/_ext/1593096446/plib_nvmctrl.o
 .debug_line    0x00000000000027a1      0x3f9 build/default/production/_ext/1865521619/plib_port.o
 .debug_line    0x0000000000002b9a      0x39f build/default/production/_ext/60180175/plib_rtc_timer.o
 .debug_line    0x0000000000002f39      0x33e build/default/production/_ext/60181570/plib_tcc0.o
 .debug_line    0x0000000000003277      0x25d build/default/production/_ext/1171490990/initialization.o
 .debug_line    0x00000000000034d4       0xba build/default/production/_ext/1171490990/interrupts.o
 .debug_line    0x000000000000358e       0xc6 build/default/production/_ext/1171490990/exceptions.o
 .debug_line    0x0000000000003654      0x26b build/default/production/_ext/1171490990/startup_xc32.o
 .debug_line    0x00000000000038bf      0x895 build/default/production/_ext/1360937237/main.o
 .debug_line    0x0000000000004154      0xce2 build/default/production/_ext/1023676168/motors.o
 .debug_line    0x0000000000004e36       0x92 c:/program files/microchip/xc32/v4.45/bin/bin/../../lib/gcc/pic32c/8.3.1/../../../../pic32c/lib/thumb/v7e-m+fp/hard\libpic32c.a(data_init.o)
 .debug_line    0x0000000000004ec8       0xf9 c:/program files/microchip/xc32/v4.45/bin/bin/../../lib/gcc/pic32c/8.3.1/../../../../pic32c/lib/thumb/v7e-m+fp/hard\libc-size-musl.a(memcpy.o)
 .debug_line    0x0000000000004fc1       0xe3 c:/program files/microchip/xc32/v4.45/bin/bin/../../lib/gcc/pic32c/8.3.1/../../../../pic32c/lib/thumb/v7e-m+fp/hard\libc-size-musl.a(memset.o)
 .debug_line    0x00000000000050a4      0x1c7 c:/program files/microchip/xc32/v4.45/bin/bin/../../lib/gcc/pic32c/8.3.1/../../../../pic32c/lib/thumb/v7e-m+fp/hard\libc-musl.a(__libc_start_main.o)
 .debug_line    0x000000000000526b       0xb5 c:/program files/microchip/xc32/v4.45/bin/bin/../../lib/gcc/pic32c/8.3.1/../../../../pic32c/lib/thumb/v7e-m+fp/hard\libc-musl.a(libc.o)
 .debug_line    0x0000000000005320       0xfb c:/program files/microchip/xc32/v4.45/bin/bin/../../lib/gcc/pic32c/8.3.1/../../../../pic32c/lib/thumb/v7e-m+fp/hard\libc-musl.a(__environ.o)
 .debug_line    0x000000000000541b       0x72 c:/program files/microchip/xc32/v4.45/bin/bin/../../lib/gcc/pic32c/8.3.1/../../../../pic32c/lib/thumb/v7e-m+fp/hard\libpic32c.a(pic32_data_init_clear.o)
 .debug_line    0x000000000000548d       0x7a c:/program files/microchip/xc32/v4.45/bin/bin/../../lib/gcc/pic32c/8.3.1/../../../../pic32c/lib/thumb/v7e-m+fp/hard\libpic32c.a(pic32_data_init_copy.o)

.debug_str      0x0000000000000000     0xab14
 .debug_str     0x0000000000000000      0x8f1 build/default/production/_ext/1042908558/protocol.o
 .debug_str     0x00000000000008f1      0xfed build/default/production/_ext/1894469536/MET_can_protocol.o
 .debug_str     0x00000000000018de      0x8e8 build/default/production/_ext/60163342/plib_adc1.o
 .debug_str     0x00000000000021c6      0x8e8 build/default/production/_ext/60163342/plib_adc0.o
 .debug_str     0x0000000000002aae      0xe7a build/default/production/_ext/60165182/plib_can0.o
 .debug_str     0x0000000000003928      0x635 build/default/production/_ext/1984496892/plib_clock.o
 .debug_str     0x0000000000003f5d      0x280 build/default/production/_ext/1986646378/plib_evsys.o
 .debug_str     0x00000000000041dd      0xbf9 build/default/production/_ext/1865468468/plib_nvic.o
 .debug_str     0x0000000000004dd6      0x62a build/default/production/_ext/1593096446/plib_nvmctrl.o
 .debug_str     0x0000000000005400      0x892 build/default/production/_ext/1865521619/plib_port.o
 .debug_str     0x0000000000005c92      0x741 build/default/production/_ext/60180175/plib_rtc_timer.o
 .debug_str     0x00000000000063d3      0x530 build/default/production/_ext/60181570/plib_tcc0.o
 .debug_str     0x0000000000006903      0x31d build/default/production/_ext/1171490990/initialization.o
 .debug_str     0x0000000000006c20      0xe7e build/default/production/_ext/1171490990/interrupts.o
 .debug_str     0x0000000000007a9e      0x2d9 build/default/production/_ext/1171490990/exceptions.o
 .debug_str     0x0000000000007d77      0x43d build/default/production/_ext/1171490990/startup_xc32.o
 .debug_str     0x00000000000081b4      0xbaf build/default/production/_ext/1360937237/main.o
 .debug_str     0x0000000000008d63      0xa64 build/default/production/_ext/1023676168/motors.o
 .debug_str     0x00000000000097c7      0x1f5 c:/program files/microchip/xc32/v4.45/bin/bin/../../lib/gcc/pic32c/8.3.1/../../../../pic32c/lib/thumb/v7e-m+fp/hard\libpic32c.a(data_init.o)
 .debug_str     0x00000000000099bc      0x22f c:/program files/microchip/xc32/v4.45/bin/bin/../../lib/gcc/pic32c/8.3.1/../../../../pic32c/lib/thumb/v7e-m+fp/hard\libc-size-musl.a(memcpy.o)
 .debug_str     0x0000000000009beb      0x21b c:/program files/microchip/xc32/v4.45/bin/bin/../../lib/gcc/pic32c/8.3.1/../../../../pic32c/lib/thumb/v7e-m+fp/hard\libc-size-musl.a(memset.o)
 .debug_str     0x0000000000009e06      0x3d4 c:/program files/microchip/xc32/v4.45/bin/bin/../../lib/gcc/pic32c/8.3.1/../../../../pic32c/lib/thumb/v7e-m+fp/hard\libc-musl.a(__libc_start_main.o)
 .debug_str     0x000000000000a1da      0x33f c:/program files/microchip/xc32/v4.45/bin/bin/../../lib/gcc/pic32c/8.3.1/../../../../pic32c/lib/thumb/v7e-m+fp/hard\libc-musl.a(libc.o)
 .debug_str     0x000000000000a519      0x23f c:/program files/microchip/xc32/v4.45/bin/bin/../../lib/gcc/pic32c/8.3.1/../../../../pic32c/lib/thumb/v7e-m+fp/hard\libc-musl.a(__environ.o)
 .debug_str     0x000000000000a758      0x1df c:/program files/microchip/xc32/v4.45/bin/bin/../../lib/gcc/pic32c/8.3.1/../../../../pic32c/lib/thumb/v7e-m+fp/hard\libpic32c.a(pic32_data_init_clear.o)
 .debug_str     0x000000000000a937      0x1dd c:/program files/microchip/xc32/v4.45/bin/bin/../../lib/gcc/pic32c/8.3.1/../../../../pic32c/lib/thumb/v7e-m+fp/hard\libpic32c.a(pic32_data_init_copy.o)

.debug_frame    0x0000000000000000      0xf18
 .debug_frame   0x0000000000000000       0x90 build/default/production/_ext/1042908558/protocol.o
 .debug_frame   0x0000000000000090      0x1d4 build/default/production/_ext/1894469536/MET_can_protocol.o
 .debug_frame   0x0000000000000264       0xe0 build/default/production/_ext/60163342/plib_adc1.o
 .debug_frame   0x0000000000000344       0xe0 build/default/production/_ext/60163342/plib_adc0.o
 .debug_frame   0x0000000000000424      0x194 build/default/production/_ext/60165182/plib_can0.o
 .debug_frame   0x00000000000005b8       0x20 build/default/production/_ext/1984496892/plib_clock.o
 .debug_frame   0x00000000000005d8       0x20 build/default/production/_ext/1986646378/plib_evsys.o
 .debug_frame   0x00000000000005f8       0x50 build/default/production/_ext/1865468468/plib_nvic.o
 .debug_frame   0x0000000000000648      0x170 build/default/production/_ext/1593096446/plib_nvmctrl.o
 .debug_frame   0x00000000000007b8       0xdc build/default/production/_ext/1865521619/plib_port.o
 .debug_frame   0x0000000000000894      0x128 build/default/production/_ext/60180175/plib_rtc_timer.o
 .debug_frame   0x00000000000009bc       0xd0 build/default/production/_ext/60181570/plib_tcc0.o
 .debug_frame   0x0000000000000a8c       0x28 build/default/production/_ext/1171490990/initialization.o
 .debug_frame   0x0000000000000ab4       0x20 build/default/production/_ext/1171490990/interrupts.o
 .debug_frame   0x0000000000000ad4       0x70 build/default/production/_ext/1171490990/exceptions.o
 .debug_frame   0x0000000000000b44       0x38 build/default/production/_ext/1171490990/startup_xc32.o
 .debug_frame   0x0000000000000b7c       0xe0 build/default/production/_ext/1360937237/main.o
 .debug_frame   0x0000000000000c5c      0x1b0 build/default/production/_ext/1023676168/motors.o
 .debug_frame   0x0000000000000e0c       0x3c c:/program files/microchip/xc32/v4.45/bin/bin/../../lib/gcc/pic32c/8.3.1/../../../../pic32c/lib/thumb/v7e-m+fp/hard\libpic32c.a(data_init.o)
 .debug_frame   0x0000000000000e48       0x2c c:/program files/microchip/xc32/v4.45/bin/bin/../../lib/gcc/pic32c/8.3.1/../../../../pic32c/lib/thumb/v7e-m+fp/hard\libc-size-musl.a(memcpy.o)
 .debug_frame   0x0000000000000e74       0x20 c:/program files/microchip/xc32/v4.45/bin/bin/../../lib/gcc/pic32c/8.3.1/../../../../pic32c/lib/thumb/v7e-m+fp/hard\libc-size-musl.a(memset.o)
 .debug_frame   0x0000000000000e94       0x3c c:/program files/microchip/xc32/v4.45/bin/bin/../../lib/gcc/pic32c/8.3.1/../../../../pic32c/lib/thumb/v7e-m+fp/hard\libc-musl.a(__libc_start_main.o)
 .debug_frame   0x0000000000000ed0       0x20 c:/program files/microchip/xc32/v4.45/bin/bin/../../lib/gcc/pic32c/8.3.1/../../../../pic32c/lib/thumb/v7e-m+fp/hard\libpic32c.a(pic32_data_init_clear.o)
 .debug_frame   0x0000000000000ef0       0x28 c:/program files/microchip/xc32/v4.45/bin/bin/../../lib/gcc/pic32c/8.3.1/../../../../pic32c/lib/thumb/v7e-m+fp/hard\libpic32c.a(pic32_data_init_copy.o)

.note.GNU-stack
                0x0000000000000000        0x0
 .note.GNU-stack
                0x0000000000000000        0x0 c:/program files/microchip/xc32/v4.45/bin/bin/../../lib/gcc/pic32c/8.3.1/../../../../pic32c/lib/thumb/v7e-m+fp/hard\libc-size-musl.a(memcpy.o)
 .note.GNU-stack
                0x0000000000000000        0x0 c:/program files/microchip/xc32/v4.45/bin/bin/../../lib/gcc/pic32c/8.3.1/../../../../pic32c/lib/thumb/v7e-m+fp/hard\libc-size-musl.a(memset.o)
 .note.GNU-stack
                0x0000000000000000        0x0 c:/program files/microchip/xc32/v4.45/bin/bin/../../lib/gcc/pic32c/8.3.1/../../../../pic32c/lib/thumb/v7e-m+fp/hard\libc-musl.a(__libc_start_main.o)
 .note.GNU-stack
                0x0000000000000000        0x0 c:/program files/microchip/xc32/v4.45/bin/bin/../../lib/gcc/pic32c/8.3.1/../../../../pic32c/lib/thumb/v7e-m+fp/hard\libc-musl.a(libc.o)
 .note.GNU-stack
                0x0000000000000000        0x0 c:/program files/microchip/xc32/v4.45/bin/bin/../../lib/gcc/pic32c/8.3.1/../../../../pic32c/lib/thumb/v7e-m+fp/hard\libc-musl.a(__environ.o)

.stack          0x0000000020000dc8      0x100
 .stack         0x0000000020000dc8      0x100 stack

.bss.MET_Protocol_Data_Struct%1
                0x0000000020000010      0x980
 .bss.MET_Protocol_Data_Struct
                0x0000000020000010      0x980 build/default/production/_ext/1894469536/MET_can_protocol.o

.bss%2          0x0000000020000990       0x50
 .bss           0x0000000020000990       0x50 c:/program files/microchip/xc32/v4.45/bin/bin/../../lib/gcc/pic32c/8.3.1/../../../../pic32c/lib/thumb/v7e-m+fp/hard\libc-musl.a(libc.o)
                0x0000000020000990                __progname_full
                0x0000000020000990                program_invocation_name
                0x0000000020000994                program_invocation_short_name
                0x0000000020000994                __progname
                0x0000000020000998                __sysinfo
                0x000000002000099c                __hwcap
                0x00000000200009a0                __libc

.bss.motorStruct%3
                0x00000000200009e0       0x3c
 .bss.motorStruct
                0x00000000200009e0       0x3c build/default/production/_ext/1023676168/motors.o
                0x00000000200009e0                motorStruct

.bss.deviceStruct%4
                0x0000000020000a1c       0x38
 .bss.deviceStruct
                0x0000000020000a1c       0x38 build/default/production/_ext/1360937237/main.o
                0x0000000020000a1c                deviceStruct

.bss.Can0MessageRAM%5
                0x0000000020000a60       0x30
 .bss.Can0MessageRAM
                0x0000000020000a60       0x30 build/default/production/_ext/1894469536/MET_can_protocol.o
                0x0000000020000a60                Can0MessageRAM

.bss.can0Obj%6  0x0000000020000a90       0x28
 .bss.can0Obj   0x0000000020000a90       0x28 build/default/production/_ext/60165182/plib_can0.o

.bss.can0RxMsg%7
                0x0000000020000ab8       0x28
 .bss.can0RxMsg
                0x0000000020000ab8       0x28 build/default/production/_ext/60165182/plib_can0.o

.bss.MET_Can_Protocol_RxTx_Struct%8
                0x0000000020000ae0       0x20
 .bss.MET_Can_Protocol_RxTx_Struct
                0x0000000020000ae0       0x20 build/default/production/_ext/1894469536/MET_can_protocol.o

.bss.can0CallbackObj%9
                0x0000000020000b00       0x20
 .bss.can0CallbackObj
                0x0000000020000b00       0x20 build/default/production/_ext/60165182/plib_can0.o

.bss%10         0x0000000020000b20       0x1c
 .bss           0x0000000020000b20       0x1c c:/program files/microchip/xc32/v4.45/bin/bin/../../lib/gcc/pic32c/8.3.1/thumb/v7e-m+fp/hard/crtbegin.o

.bss.buzzerStruct%11
                0x0000000020000b3c       0x14
 .bss.buzzerStruct
                0x0000000020000b3c       0x14 build/default/production/_ext/1360937237/main.o

.bss.rtcObj%12  0x0000000020000a54        0xc
 .bss.rtcObj    0x0000000020000a54        0xc build/default/production/_ext/60180175/plib_rtc_timer.o

.bss.powerLight%13
                0x0000000020000b50        0xc
 .bss.powerLight
                0x0000000020000b50        0xc build/default/production/_ext/1360937237/main.o
                0x0000000020000b50                powerLight

.bss.StatusModeRegister%14
                0x0000000020000b5c        0x5
 .bss.StatusModeRegister
                0x0000000020000b5c        0x5 build/default/production/_ext/1042908558/protocol.o
                0x0000000020000b5c                StatusModeRegister

.bss.change_mode%15
                0x0000000020000b64        0x4
 .bss.change_mode
                0x0000000020000b64        0x4 build/default/production/_ext/1023676168/motors.o
                0x0000000020000b64                change_mode

.bss.delay_timer.9126%16
                0x0000000020000b68        0x4
 .bss.delay_timer.9126
                0x0000000020000b68        0x4 build/default/production/_ext/1023676168/motors.o

.bss.obstacle_position.9127%17
                0x0000000020000b6c        0x4
 .bss.obstacle_position.9127
                0x0000000020000b6c        0x4 build/default/production/_ext/1023676168/motors.o

.bss%18         0x0000000020000b70        0x4
 .bss           0x0000000020000b70        0x4 c:/program files/microchip/xc32/v4.45/bin/bin/../../lib/gcc/pic32c/8.3.1/../../../../pic32c/lib/thumb/v7e-m+fp/hard\libpic32c.a(data_init.o)

.bss%19         0x0000000020000b74        0x4
 .bss           0x0000000020000b74        0x4 c:/program files/microchip/xc32/v4.45/bin/bin/../../lib/gcc/pic32c/8.3.1/../../../../pic32c/lib/thumb/v7e-m+fp/hard\libc-musl.a(__environ.o)
                0x0000000020000b74                __environ
                0x0000000020000b74                environ
                0x0000000020000b74                ___environ
                0x0000000020000b74                _environ

.bss.lastSequence.8924%20
                0x0000000020000b61        0x1
 .bss.lastSequence.8924
                0x0000000020000b61        0x1 build/default/production/_ext/1894469536/MET_can_protocol.o

.bss.msgFrameAttr0%21
                0x0000000020000b62        0x1
 .bss.msgFrameAttr0
                0x0000000020000b62        0x1 build/default/production/_ext/1894469536/MET_can_protocol.o
                0x0000000020000b62                msgFrameAttr0

.bss.rxBootloaderErrorTrigger%22
                0x0000000020000b63        0x1
 .bss.rxBootloaderErrorTrigger
                0x0000000020000b63        0x1 build/default/production/_ext/1894469536/MET_can_protocol.o

.bss.rxBootloaderReceptionTrigger%23
                0x0000000020000b78        0x1
 .bss.rxBootloaderReceptionTrigger
                0x0000000020000b78        0x1 build/default/production/_ext/1894469536/MET_can_protocol.o

.bss.rxErrorTrigger%24
                0x0000000020000b79        0x1
 .bss.rxErrorTrigger
                0x0000000020000b79        0x1 build/default/production/_ext/1894469536/MET_can_protocol.o

.bss.rxReceptionTrigger%25
                0x0000000020000b7a        0x1
 .bss.rxReceptionTrigger
                0x0000000020000b7a        0x1 build/default/production/_ext/1894469536/MET_can_protocol.o

.bss.messageMarker.8192%26
                0x0000000020000b7b        0x1
 .bss.messageMarker.8192
                0x0000000020000b7b        0x1 build/default/production/_ext/60165182/plib_can0.o

.bss.trigger_time%27
                0x0000000020000b7c        0x1
 .bss.trigger_time
                0x0000000020000b7c        0x1 build/default/production/_ext/1360937237/main.o

.bss.change_mode_request%28
                0x0000000020000b7d        0x1
 .bss.change_mode_request
                0x0000000020000b7d        0x1 build/default/production/_ext/1023676168/motors.o
                0x0000000020000b7d                change_mode_request

.data.StatusAnalogRegister%29
                0x0000000020000b80        0x5
 .data.StatusAnalogRegister
                0x0000000020000b80        0x5 build/default/production/_ext/1042908558/protocol.o
                0x0000000020000b80                StatusAnalogRegister

.data.StatusXYPositionRegister%30
                0x0000000020000b88        0x5
 .data.StatusXYPositionRegister
                0x0000000020000b88        0x5 build/default/production/_ext/1042908558/protocol.o
                0x0000000020000b88                StatusXYPositionRegister

.data.StatusZPositionRegister%31
                0x0000000020000b90        0x5
 .data.StatusZPositionRegister
                0x0000000020000b90        0x5 build/default/production/_ext/1042908558/protocol.o
                0x0000000020000b90                StatusZPositionRegister

.data.SmartEEPROM32%32
                0x0000000020000b98        0x4
 .data.SmartEEPROM32
                0x0000000020000b98        0x4 build/default/production/_ext/1894469536/MET_can_protocol.o
                0x0000000020000b98                SmartEEPROM32

.data.debounce.9275%33
                0x0000000020000b9c        0x4
 .data.debounce.9275
                0x0000000020000b9c        0x4 build/default/production/_ext/1360937237/main.o

.data.debounce.9283%34
                0x0000000020000ba0        0x4
 .data.debounce.9283
                0x0000000020000ba0        0x4 build/default/production/_ext/1360937237/main.o

.data.debounce.9288%35
                0x0000000020000ba4        0x4
 .data.debounce.9288
                0x0000000020000ba4        0x4 build/default/production/_ext/1360937237/main.o

.eh_frame%z1    0x0000000000000000        0x0
 .eh_frame      0x0000000000000000        0x0 c:/program files/microchip/xc32/v4.45/bin/bin/../../lib/gcc/pic32c/8.3.1/thumb/v7e-m+fp/hard/crtbegin.o

.config_00804000.__config_00804000%36
                0x0000000000804000        0x4
 .config_00804000.__config_00804000
                0x0000000000804000        0x4 build/default/production/_ext/1171490990/initialization.o
                0x0000000000804000                __config_00804000

.config_00804004.__config_00804004%37
                0x0000000000804004        0x4
 .config_00804004.__config_00804004
                0x0000000000804004        0x4 build/default/production/_ext/1171490990/initialization.o
                0x0000000000804004                __config_00804004

.config_00804008.__config_00804008%38
                0x0000000000804008        0x4
 .config_00804008.__config_00804008
                0x0000000000804008        0x4 build/default/production/_ext/1171490990/initialization.o
                0x0000000000804008                __config_00804008

.text.MET_Can_Protocol_Loop%39
                0x0000000000002280      0x410
 .text.MET_Can_Protocol_Loop
                0x0000000000002280      0x410 build/default/production/_ext/1894469536/MET_can_protocol.o
                0x0000000000002280                MET_Can_Protocol_Loop

.text.main%40   0x0000000000002690      0x3d4
 .text.main     0x0000000000002690      0x3d4 build/default/production/_ext/1360937237/main.o
                0x0000000000002690                main

.text.motorLoop%41
                0x0000000000002a64      0x2f4
 .text.motorLoop
                0x0000000000002a64      0x2f4 build/default/production/_ext/1023676168/motors.o
                0x0000000000002a64                motorLoop

.text.motorServiceModeManagement%42
                0x0000000000002d58      0x1c8
 .text.motorServiceModeManagement
                0x0000000000002d58      0x1c8 build/default/production/_ext/1023676168/motors.o
                0x0000000000002d58                motorServiceModeManagement

.text.ApplicationProtocolCommandHandler%43
                0x0000000000002f20      0x18c
 .text.ApplicationProtocolCommandHandler
                0x0000000000002f20      0x18c build/default/production/_ext/1042908558/protocol.o

.text.CAN0_InterruptHandler%44
                0x00000000000030ac      0x180
 .text.CAN0_InterruptHandler
                0x00000000000030ac      0x180 build/default/production/_ext/60165182/plib_can0.o
                0x00000000000030ac                CAN0_InterruptHandler

.dinit%45       0x000000000000322c      0x180
 .dinit         0x000000000000322c      0x180 data_init

.text.motorDriverOutput%46
                0x00000000000033ac      0x160
 .text.motorDriverOutput
                0x00000000000033ac      0x160 build/default/production/_ext/1023676168/motors.o

.text.CLOCK_Initialize%47
                0x000000000000350c      0x144
 .text.CLOCK_Initialize
                0x000000000000350c      0x144 build/default/production/_ext/1984496892/plib_clock.o
                0x000000000000350c                CLOCK_Initialize

.text.MET_Can_Protocol_Init%48
                0x0000000000003650      0x128
 .text.MET_Can_Protocol_Init
                0x0000000000003650      0x128 build/default/production/_ext/1894469536/MET_can_protocol.o
                0x0000000000003650                MET_Can_Protocol_Init

.text.PORT_Initialize%49
                0x0000000000003778       0xf4
 .text.PORT_Initialize
                0x0000000000003778       0xf4 build/default/production/_ext/1865521619/plib_port.o
                0x0000000000003778                PORT_Initialize

.text.motorCalibModeManagement%50
                0x000000000000386c       0xd4
 .text.motorCalibModeManagement
                0x000000000000386c       0xd4 build/default/production/_ext/1023676168/motors.o
                0x000000000000386c                motorCalibModeManagement

.text.CAN0_MessageTransmit%51
                0x0000000000003940       0xac
 .text.CAN0_MessageTransmit
                0x0000000000003940       0xac build/default/production/_ext/60165182/plib_can0.o
                0x0000000000003940                CAN0_MessageTransmit

.text.CAN0_MessageRAMConfigSet%52
                0x00000000000039ec       0x90
 .text.CAN0_MessageRAMConfigSet
                0x00000000000039ec       0x90 build/default/production/_ext/60165182/plib_can0.o
                0x00000000000039ec                CAN0_MessageRAMConfigSet

.text.Reset_Handler%53
                0x0000000000003a7c       0x90
 .text.Reset_Handler
                0x0000000000003a7c       0x90 build/default/production/_ext/1171490990/startup_xc32.o
                0x0000000000003a7c                Reset_Handler

.text.motorMoveZ%54
                0x0000000000003b0c       0x84
 .text.motorMoveZ
                0x0000000000003b0c       0x84 build/default/production/_ext/1023676168/motors.o
                0x0000000000003b0c                motorMoveZ

.text.CAN0_Initialize%55
                0x0000000000003b90       0x80
 .text.CAN0_Initialize
                0x0000000000003b90       0x80 build/default/production/_ext/60165182/plib_can0.o
                0x0000000000003b90                CAN0_Initialize

.text.motorMoveX%56
                0x0000000000003c10       0x74
 .text.motorMoveX
                0x0000000000003c10       0x74 build/default/production/_ext/1023676168/motors.o
                0x0000000000003c10                motorMoveX

.text.motorMoveY%57
                0x0000000000003c84       0x74
 .text.motorMoveY
                0x0000000000003c84       0x74 build/default/production/_ext/1023676168/motors.o
                0x0000000000003c84                motorMoveY

.text.ADC1_Initialize%58
                0x0000000000003cf8       0x5c
 .text.ADC1_Initialize
                0x0000000000003cf8       0x5c build/default/production/_ext/60163342/plib_adc1.o
                0x0000000000003cf8                ADC1_Initialize

.text.ADC0_Initialize%59
                0x0000000000003d54       0x5c
 .text.ADC0_Initialize
                0x0000000000003d54       0x5c build/default/production/_ext/60163342/plib_adc0.o
                0x0000000000003d54                ADC0_Initialize

.text.__libc_start_init%60
                0x0000000000003db0       0x5c
 .text.__libc_start_init
                0x0000000000003db0       0x5c c:/program files/microchip/xc32/v4.45/bin/bin/../../lib/gcc/pic32c/8.3.1/../../../../pic32c/lib/thumb/v7e-m+fp/hard\libc-musl.a(__libc_start_main.o)
                0x0000000000003db0                __libc_init_array

.text.MET_Can_AppRestartCallback%61
                0x0000000000003e0c       0x58
 .text.MET_Can_AppRestartCallback
                0x0000000000003e0c       0x58 build/default/production/_ext/1894469536/MET_can_protocol.o

.text.GetY%62   0x0000000000003e64       0x58
 .text.GetY     0x0000000000003e64       0x58 build/default/production/_ext/1360937237/main.o
                0x0000000000003e64                GetY

.text.SetKeyMode%63
                0x0000000000003ebc       0x58
 .text.SetKeyMode
                0x0000000000003ebc       0x58 build/default/production/_ext/1360937237/main.o
                0x0000000000003ebc                SetKeyMode

.text.motorSetPower%64
                0x0000000000003f14       0x58
 .text.motorSetPower
                0x0000000000003f14       0x58 build/default/production/_ext/1023676168/motors.o

.text.TCC0_PWMInitialize%65
                0x0000000000003f6c       0x50
 .text.TCC0_PWMInitialize
                0x0000000000003f6c       0x50 build/default/production/_ext/60181570/plib_tcc0.o
                0x0000000000003f6c                TCC0_PWMInitialize

.text.CAN0_MessageReceive%66
                0x0000000000003fbc       0x4c
 .text.CAN0_MessageReceive
                0x0000000000003fbc       0x4c build/default/production/_ext/60165182/plib_can0.o
                0x0000000000003fbc                CAN0_MessageReceive

.text.getPowerFromDistance%67
                0x0000000000004008       0x4a
 .text.getPowerFromDistance
                0x0000000000004008       0x4a build/default/production/_ext/1023676168/motors.o
                0x0000000000004008                getPowerFromDistance

.text.rtcEventHandler%68
                0x0000000000004054       0x48
 .text.rtcEventHandler
                0x0000000000004054       0x48 build/default/production/_ext/1360937237/main.o

.text.GetZ%69   0x000000000000409c       0x48
 .text.GetZ     0x000000000000409c       0x48 build/default/production/_ext/1360937237/main.o
                0x000000000000409c                GetZ

.text.motorDisableModeManagement%70
                0x00000000000040e4       0x48
 .text.motorDisableModeManagement
                0x00000000000040e4       0x48 build/default/production/_ext/1023676168/motors.o
                0x00000000000040e4                motorDisableModeManagement

.text.RTC_Initialize%71
                0x000000000000412c       0x44
 .text.RTC_Initialize
                0x000000000000412c       0x44 build/default/production/_ext/60180175/plib_rtc_timer.o
                0x000000000000412c                RTC_Initialize

.text%72        0x0000000000004170       0x40
 .text          0x0000000000004170       0x40 c:/program files/microchip/xc32/v4.45/bin/bin/../../lib/gcc/pic32c/8.3.1/thumb/v7e-m+fp/hard/crtbegin.o

.text.NVIC_Initialize%73
                0x00000000000041b0       0x40
 .text.NVIC_Initialize
                0x00000000000041b0       0x40 build/default/production/_ext/1865468468/plib_nvic.o
                0x00000000000041b0                NVIC_Initialize

.text.GetX%74   0x00000000000041f0       0x3c
 .text.GetX     0x00000000000041f0       0x3c build/default/production/_ext/1360937237/main.o
                0x00000000000041f0                GetX

.text.CAN0_ErrorGet%75
                0x000000000000422c       0x3a
 .text.CAN0_ErrorGet
                0x000000000000422c       0x3a build/default/production/_ext/60165182/plib_can0.o
                0x000000000000422c                CAN0_ErrorGet

.text.MET_Can_Protocol_Reception_Trigger%76
                0x0000000000004268       0x38
 .text.MET_Can_Protocol_Reception_Trigger
                0x0000000000004268       0x38 build/default/production/_ext/1894469536/MET_can_protocol.o

.text.MET_Can_Protocol_Reception_Callback%77
                0x00000000000042a0       0x38
 .text.MET_Can_Protocol_Reception_Callback
                0x00000000000042a0       0x38 build/default/production/_ext/1894469536/MET_can_protocol.o

.text.motorSetServiceMode%78
                0x00000000000042d8       0x38
 .text.motorSetServiceMode
                0x00000000000042d8       0x38 build/default/production/_ext/1023676168/motors.o
                0x00000000000042d8                motorSetServiceMode

.text.motorSetCommandMode%79
                0x0000000000004310       0x38
 .text.motorSetCommandMode
                0x0000000000004310       0x38 build/default/production/_ext/1023676168/motors.o
                0x0000000000004310                motorSetCommandMode

.text.SetPowerSwitchStat%80
                0x0000000000004348       0x34
 .text.SetPowerSwitchStat
                0x0000000000004348       0x34 build/default/production/_ext/1360937237/main.o
                0x0000000000004348                SetPowerSwitchStat

.text.motorInit%81
                0x000000000000437c       0x34
 .text.motorInit
                0x000000000000437c       0x34 build/default/production/_ext/1023676168/motors.o
                0x000000000000437c                motorInit

.text.motorSetDisableMode%82
                0x00000000000043b0       0x34
 .text.motorSetDisableMode
                0x00000000000043b0       0x34 build/default/production/_ext/1023676168/motors.o
                0x00000000000043b0                motorSetDisableMode

.text.motorSetCalibMode%83
                0x00000000000043e4       0x34
 .text.motorSetCalibMode
                0x00000000000043e4       0x34 build/default/production/_ext/1023676168/motors.o
                0x00000000000043e4                motorSetCalibMode

.text.__pic32c_data_initialization%84
                0x0000000000004418       0x34
 .text.__pic32c_data_initialization
                0x0000000000004418       0x34 c:/program files/microchip/xc32/v4.45/bin/bin/../../lib/gcc/pic32c/8.3.1/../../../../pic32c/lib/thumb/v7e-m+fp/hard\libpic32c.a(data_init.o)
                0x0000000000004418                __pic32c_data_initialization

.text.ApplicationProtocolLoop%85
                0x000000000000444c       0x30
 .text.ApplicationProtocolLoop
                0x000000000000444c       0x30 build/default/production/_ext/1042908558/protocol.o
                0x000000000000444c                ApplicationProtocolLoop

.text.updateStatusRegister%86
                0x000000000000447c       0x2e
 .text.updateStatusRegister
                0x000000000000447c       0x2e build/default/production/_ext/1042908558/protocol.o
                0x000000000000447c                updateStatusRegister

.text.SYS_Initialize%87
                0x00000000000044aa       0x2c
 .text.SYS_Initialize
                0x00000000000044aa       0x2c build/default/production/_ext/1171490990/initialization.o
                0x00000000000044aa                SYS_Initialize

.text.motorServiceTestCycle%88
                0x00000000000044d8       0x2c
 .text.motorServiceTestCycle
                0x00000000000044d8       0x2c build/default/production/_ext/1023676168/motors.o
                0x00000000000044d8                motorServiceTestCycle

.text.motorEnableKeyStepMode%89
                0x0000000000004504       0x2c
 .text.motorEnableKeyStepMode
                0x0000000000004504       0x2c build/default/production/_ext/1023676168/motors.o
                0x0000000000004504                motorEnableKeyStepMode

.text.RTC_InterruptHandler%90
                0x0000000000004530       0x28
 .text.RTC_InterruptHandler
                0x0000000000004530       0x28 build/default/production/_ext/60180175/plib_rtc_timer.o
                0x0000000000004530                RTC_InterruptHandler

.text.BuzzerSet%91
                0x0000000000004558       0x28
 .text.BuzzerSet
                0x0000000000004558       0x28 build/default/production/_ext/1360937237/main.o
                0x0000000000004558                BuzzerSet

.text.ApplicationProtocolInit%92
                0x0000000000004580       0x24
 .text.ApplicationProtocolInit
                0x0000000000004580       0x24 build/default/production/_ext/1042908558/protocol.o
                0x0000000000004580                ApplicationProtocolInit

.text.ADC1_ChannelSelect%93
                0x00000000000045a4       0x24
 .text.ADC1_ChannelSelect
                0x00000000000045a4       0x24 build/default/production/_ext/60163342/plib_adc1.o
                0x00000000000045a4                ADC1_ChannelSelect

.text.ADC1_ConversionStatusGet%94
                0x00000000000045c8       0x24
 .text.ADC1_ConversionStatusGet
                0x00000000000045c8       0x24 build/default/production/_ext/60163342/plib_adc1.o
                0x00000000000045c8                ADC1_ConversionStatusGet

.text.ADC0_ChannelSelect%95
                0x00000000000045ec       0x24
 .text.ADC0_ChannelSelect
                0x00000000000045ec       0x24 build/default/production/_ext/60163342/plib_adc0.o
                0x00000000000045ec                ADC0_ChannelSelect

.text.ADC0_ConversionStatusGet%96
                0x0000000000004610       0x24
 .text.ADC0_ConversionStatusGet
                0x0000000000004610       0x24 build/default/production/_ext/60163342/plib_adc0.o
                0x0000000000004610                ADC0_ConversionStatusGet

.text.powerLightInit%97
                0x0000000000004634       0x24
 .text.powerLightInit
                0x0000000000004634       0x24 build/default/production/_ext/1360937237/main.o
                0x0000000000004634                powerLightInit

.text.MotorCommandPositionHold%98
                0x0000000000004658       0x24
 .text.MotorCommandPositionHold
                0x0000000000004658       0x24 build/default/production/_ext/1023676168/motors.o

.text.MET_Can_Protocol_SetStatusReg%99
                0x000000000000467c       0x20
 .text.MET_Can_Protocol_SetStatusReg
                0x000000000000467c       0x20 build/default/production/_ext/1894469536/MET_can_protocol.o
                0x000000000000467c                MET_Can_Protocol_SetStatusReg

.text.TCC0_PWM24bitPeriodSet%100
                0x000000000000469c       0x20
 .text.TCC0_PWM24bitPeriodSet
                0x000000000000469c       0x20 build/default/production/_ext/60181570/plib_tcc0.o
                0x000000000000469c                TCC0_PWM24bitPeriodSet

.text.__dinit_copy%101
                0x00000000000046bc       0x1e
 .text.__dinit_copy
                0x00000000000046bc       0x1e c:/program files/microchip/xc32/v4.45/bin/bin/../../lib/gcc/pic32c/8.3.1/../../../../pic32c/lib/thumb/v7e-m+fp/hard\libpic32c.a(pic32_data_init_copy.o)
                0x00000000000046bc                __dinit_copy_needed
                0x00000000000046bc                __dinit_copy

.text.CAN0_RxCallbackRegister%102
                0x00000000000046dc       0x1c
 .text.CAN0_RxCallbackRegister
                0x00000000000046dc       0x1c build/default/production/_ext/60165182/plib_can0.o
                0x00000000000046dc                CAN0_RxCallbackRegister

.text.memcpy%103
                0x00000000000046f8       0x1c
 .text.memcpy   0x00000000000046f8       0x1c c:/program files/microchip/xc32/v4.45/bin/bin/../../lib/gcc/pic32c/8.3.1/../../../../pic32c/lib/thumb/v7e-m+fp/hard\libc-size-musl.a(memcpy.o)
                0x00000000000046f8                memcpy

.text.ADC1_Enable%104
                0x0000000000004714       0x18
 .text.ADC1_Enable
                0x0000000000004714       0x18 build/default/production/_ext/60163342/plib_adc1.o
                0x0000000000004714                ADC1_Enable

.text.ADC1_ConversionStart%105
                0x000000000000472c       0x18
 .text.ADC1_ConversionStart
                0x000000000000472c       0x18 build/default/production/_ext/60163342/plib_adc1.o
                0x000000000000472c                ADC1_ConversionStart

.text.ADC0_Enable%106
                0x0000000000004744       0x18
 .text.ADC0_Enable
                0x0000000000004744       0x18 build/default/production/_ext/60163342/plib_adc0.o
                0x0000000000004744                ADC0_Enable

.text.ADC0_ConversionStart%107
                0x000000000000475c       0x18
 .text.ADC0_ConversionStart
                0x000000000000475c       0x18 build/default/production/_ext/60163342/plib_adc0.o
                0x000000000000475c                ADC0_ConversionStart

.text.RTC_Timer32Start%108
                0x0000000000004774       0x18
 .text.RTC_Timer32Start
                0x0000000000004774       0x18 build/default/production/_ext/60180175/plib_rtc_timer.o
                0x0000000000004774                RTC_Timer32Start

.text.MET_Can_Protocol_returnCommandExecuting%109
                0x000000000000478c       0x14
 .text.MET_Can_Protocol_returnCommandExecuting
                0x000000000000478c       0x14 build/default/production/_ext/1894469536/MET_can_protocol.o
                0x000000000000478c                MET_Can_Protocol_returnCommandExecuting

.text.MET_Can_Protocol_returnCommandExecuted%110
                0x00000000000047a0       0x14
 .text.MET_Can_Protocol_returnCommandExecuted
                0x00000000000047a0       0x14 build/default/production/_ext/1894469536/MET_can_protocol.o
                0x00000000000047a0                MET_Can_Protocol_returnCommandExecuted

.rodata%111     0x00000000000047b4       0x14
 .rodata        0x00000000000047b4       0x14 c:/program files/microchip/xc32/v4.45/bin/bin/../../lib/gcc/pic32c/8.3.1/../../../../pic32c/lib/thumb/v7e-m+fp/hard\libpic32c.a(data_init.o)

.text.memset%112
                0x00000000000047c8       0x14
 .text.memset   0x00000000000047c8       0x14 c:/program files/microchip/xc32/v4.45/bin/bin/../../lib/gcc/pic32c/8.3.1/../../../../pic32c/lib/thumb/v7e-m+fp/hard\libc-size-musl.a(memset.o)
                0x00000000000047c8                memset

.text.__dinit_clear%113
                0x00000000000047dc       0x12
 .text.__dinit_clear
                0x00000000000047dc       0x12 c:/program files/microchip/xc32/v4.45/bin/bin/../../lib/gcc/pic32c/8.3.1/../../../../pic32c/lib/thumb/v7e-m+fp/hard\libpic32c.a(pic32_data_init_clear.o)
                0x00000000000047dc                __dinit_clear
                0x00000000000047dc                __dinit_clear_needed

.text.MET_Can_Protocol_returnCommandError%114
                0x00000000000047f0       0x10
 .text.MET_Can_Protocol_returnCommandError
                0x00000000000047f0       0x10 build/default/production/_ext/1894469536/MET_can_protocol.o
                0x00000000000047f0                MET_Can_Protocol_returnCommandError

.text.MET_Can_Protocol_returnCommandAborted%115
                0x0000000000004800       0x10
 .text.MET_Can_Protocol_returnCommandAborted
                0x0000000000004800       0x10 build/default/production/_ext/1894469536/MET_can_protocol.o
                0x0000000000004800                MET_Can_Protocol_returnCommandAborted

.text.CAN0_TxCallbackRegister%116
                0x0000000000004810       0x10
 .text.CAN0_TxCallbackRegister
                0x0000000000004810       0x10 build/default/production/_ext/60165182/plib_can0.o
                0x0000000000004810                CAN0_TxCallbackRegister

.rodata%117     0x0000000000004820       0x10
 .rodata        0x0000000000004820       0x10 build/default/production/_ext/60165182/plib_can0.o

.text.NVMCTRL_Initialize%118
                0x0000000000004830       0x10
 .text.NVMCTRL_Initialize
                0x0000000000004830       0x10 build/default/production/_ext/1593096446/plib_nvmctrl.o
                0x0000000000004830                NVMCTRL_Initialize

.text.NVMCTRL_SmartEEPROM_IsBusy%119
                0x0000000000004840       0x10
 .text.NVMCTRL_SmartEEPROM_IsBusy
                0x0000000000004840       0x10 build/default/production/_ext/1593096446/plib_nvmctrl.o
                0x0000000000004840                NVMCTRL_SmartEEPROM_IsBusy

.text.motorAbort%120
                0x0000000000004850       0x10
 .text.motorAbort
                0x0000000000004850       0x10 build/default/production/_ext/1023676168/motors.o
                0x0000000000004850                motorAbort

.text.ADC1_ConversionResultGet%121
                0x0000000000004860        0xc
 .text.ADC1_ConversionResultGet
                0x0000000000004860        0xc build/default/production/_ext/60163342/plib_adc1.o
                0x0000000000004860                ADC1_ConversionResultGet

.text.ADC0_ConversionResultGet%122
                0x000000000000486c        0xc
 .text.ADC0_ConversionResultGet
                0x000000000000486c        0xc build/default/production/_ext/60163342/plib_adc0.o
                0x000000000000486c                ADC0_ConversionResultGet

.text.RTC_Timer32CallbackRegister%123
                0x0000000000004878        0xc
 .text.RTC_Timer32CallbackRegister
                0x0000000000004878        0xc build/default/production/_ext/60180175/plib_rtc_timer.o
                0x0000000000004878                RTC_Timer32CallbackRegister

.rodata.can0StdFilter%124
                0x0000000000004884        0x8
 .rodata.can0StdFilter
                0x0000000000004884        0x8 build/default/production/_ext/60165182/plib_can0.o

.text.__dummy_decompress%125
                0x000000000000488c        0x4
 .text.__dummy_decompress
                0x000000000000488c        0x4 c:/program files/microchip/xc32/v4.45/bin/bin/../../lib/gcc/pic32c/8.3.1/../../../../pic32c/lib/thumb/v7e-m+fp/hard\libpic32c.a(data_init.o)
                0x000000000000488c                __dinit_decompress
                0x000000000000488c                __dinit_copy_val_data
                0x000000000000488c                __dinit_copy_emb

.text.EVSYS_Initialize%126
                0x0000000000004052        0x2
 .text.EVSYS_Initialize
                0x0000000000004052        0x2 build/default/production/_ext/1986646378/plib_evsys.o
                0x0000000000004052                EVSYS_Initialize

.text.Dummy_Handler%127
                0x0000000000004266        0x2
 .text.Dummy_Handler
                0x0000000000004266        0x2 build/default/production/_ext/1171490990/interrupts.o
                0x0000000000004266                EIC_EXTINT_9_Handler
                0x0000000000004266                TCC0_MC5_Handler
                0x0000000000004266                SVCall_Handler
                0x0000000000004266                SERCOM0_2_Handler
                0x0000000000004266                USB_SOF_HSOF_Handler
                0x0000000000004266                TCC4_OTHER_Handler
                0x0000000000004266                TCC2_MC2_Handler
                0x0000000000004266                EVSYS_0_Handler
                0x0000000000004266                TRNG_Handler
                0x0000000000004266                TC2_Handler
                0x0000000000004266                USB_TRCPT0_Handler
                0x0000000000004266                DAC_OTHER_Handler
                0x0000000000004266                AC_Handler
                0x0000000000004266                DAC_EMPTY_0_Handler
                0x0000000000004266                DMAC_OTHER_Handler
                0x0000000000004266                EIC_EXTINT_5_Handler
                0x0000000000004266                SERCOM3_1_Handler
                0x0000000000004266                SysTick_Handler
                0x0000000000004266                SERCOM4_OTHER_Handler
                0x0000000000004266                SERCOM3_2_Handler
                0x0000000000004266                EIC_EXTINT_6_Handler
                0x0000000000004266                PendSV_Handler
                0x0000000000004266                TCC4_MC0_Handler
                0x0000000000004266                EVSYS_3_Handler
                0x0000000000004266                QSPI_Handler
                0x0000000000004266                TCC2_MC0_Handler
                0x0000000000004266                PDEC_OTHER_Handler
                0x0000000000004266                TCC3_MC0_Handler
                0x0000000000004266                PDEC_MC1_Handler
                0x0000000000004266                TCC2_MC1_Handler
                0x0000000000004266                OSCCTRL_XOSC1_Handler
                0x0000000000004266                PDEC_MC0_Handler
                0x0000000000004266                EIC_EXTINT_4_Handler
                0x0000000000004266                EIC_EXTINT_7_Handler
                0x0000000000004266                SERCOM0_OTHER_Handler
                0x0000000000004266                EVSYS_OTHER_Handler
                0x0000000000004266                SERCOM0_0_Handler
                0x0000000000004266                SERCOM4_0_Handler
                0x0000000000004266                TCC1_MC0_Handler
                0x0000000000004266                SERCOM1_OTHER_Handler
                0x0000000000004266                TCC2_OTHER_Handler
                0x0000000000004266                EIC_EXTINT_11_Handler
                0x0000000000004266                SUPC_BODDET_Handler
                0x0000000000004266                EIC_EXTINT_14_Handler
                0x0000000000004266                OSC32KCTRL_Handler
                0x0000000000004266                EVSYS_1_Handler
                0x0000000000004266                TCC4_MC1_Handler
                0x0000000000004266                DMAC_0_Handler
                0x0000000000004266                SUPC_OTHER_Handler
                0x0000000000004266                WDT_Handler
                0x0000000000004266                EIC_EXTINT_15_Handler
                0x0000000000004266                EIC_EXTINT_1_Handler
                0x0000000000004266                TCC3_MC1_Handler
                0x0000000000004266                SERCOM5_0_Handler
                0x0000000000004266                TC4_Handler
                0x0000000000004266                TC1_Handler
                0x0000000000004266                TCC1_MC1_Handler
                0x0000000000004266                EIC_EXTINT_0_Handler
                0x0000000000004266                TCC1_OTHER_Handler
                0x0000000000004266                PAC_Handler
                0x0000000000004266                SERCOM4_1_Handler
                0x0000000000004266                TC3_Handler
                0x0000000000004266                Dummy_Handler
                0x0000000000004266                DAC_RESRDY_0_Handler
                0x0000000000004266                SERCOM5_1_Handler
                0x0000000000004266                DMAC_2_Handler
                0x0000000000004266                TCC0_MC4_Handler
                0x0000000000004266                USB_TRCPT1_Handler
                0x0000000000004266                SERCOM0_1_Handler
                0x0000000000004266                TCC0_MC3_Handler
                0x0000000000004266                EIC_EXTINT_12_Handler
                0x0000000000004266                OSCCTRL_DPLL0_Handler
                0x0000000000004266                SERCOM5_OTHER_Handler
                0x0000000000004266                PM_Handler
                0x0000000000004266                OSCCTRL_DFLL_Handler
                0x0000000000004266                DAC_RESRDY_1_Handler
                0x0000000000004266                DMAC_1_Handler
                0x0000000000004266                USB_OTHER_Handler
                0x0000000000004266                CAN1_Handler
                0x0000000000004266                TCC0_OTHER_Handler
                0x0000000000004266                EIC_EXTINT_10_Handler
                0x0000000000004266                TCC1_MC3_Handler
                0x0000000000004266                OSCCTRL_XOSC0_Handler
                0x0000000000004266                TCC0_MC0_Handler
                0x0000000000004266                EIC_EXTINT_2_Handler
                0x0000000000004266                SDHC0_Handler
                0x0000000000004266                SERCOM1_1_Handler
                0x0000000000004266                I2S_Handler
                0x0000000000004266                PCC_Handler
                0x0000000000004266                TCC3_OTHER_Handler
                0x0000000000004266                EIC_EXTINT_13_Handler
                0x0000000000004266                SERCOM1_0_Handler
                0x0000000000004266                PUKCC_Handler
                0x0000000000004266                SERCOM2_1_Handler
                0x0000000000004266                SERCOM1_2_Handler
                0x0000000000004266                SERCOM3_0_Handler
                0x0000000000004266                SERCOM4_2_Handler
                0x0000000000004266                TCC1_MC2_Handler
                0x0000000000004266                ADC1_RESRDY_Handler
                0x0000000000004266                NVMCTRL_1_Handler
                0x0000000000004266                SERCOM5_2_Handler
                0x0000000000004266                SERCOM2_2_Handler
                0x0000000000004266                DAC_EMPTY_1_Handler
                0x0000000000004266                ADC1_OTHER_Handler
                0x0000000000004266                OSCCTRL_DPLL1_Handler
                0x0000000000004266                EIC_EXTINT_3_Handler
                0x0000000000004266                SERCOM3_OTHER_Handler
                0x0000000000004266                EIC_EXTINT_8_Handler
                0x0000000000004266                NVMCTRL_0_Handler
                0x0000000000004266                ADC0_RESRDY_Handler
                0x0000000000004266                ADC0_OTHER_Handler
                0x0000000000004266                MCLK_Handler
                0x0000000000004266                EVSYS_2_Handler
                0x0000000000004266                SERCOM2_OTHER_Handler
                0x0000000000004266                FREQM_Handler
                0x0000000000004266                TC0_Handler
                0x0000000000004266                TCC0_MC1_Handler
                0x0000000000004266                DMAC_3_Handler
                0x0000000000004266                RAMECC_Handler
                0x0000000000004266                TC5_Handler
                0x0000000000004266                SERCOM2_0_Handler
                0x0000000000004266                AES_Handler
                0x0000000000004266                ICM_Handler
                0x0000000000004266                TCC0_MC2_Handler

.text.NonMaskableInt_Handler%128
                0x00000000000044d6        0x2
 .text.NonMaskableInt_Handler
                0x00000000000044d6        0x2 build/default/production/_ext/1171490990/exceptions.o
                0x00000000000044d6                NonMaskableInt_Handler

.text.HardFault_Handler%129
                0x00000000000046da        0x2
 .text.HardFault_Handler
                0x00000000000046da        0x2 build/default/production/_ext/1171490990/exceptions.o
                0x00000000000046da                HardFault_Handler

.text.DebugMonitor_Handler%130
                0x00000000000047ee        0x2
 .text.DebugMonitor_Handler
                0x00000000000047ee        0x2 build/default/production/_ext/1171490990/exceptions.o
                0x00000000000047ee                DebugMonitor_Handler

.text.MemoryManagement_Handler%131
                0x0000000000004890        0x2
 .text.MemoryManagement_Handler
                0x0000000000004890        0x2 build/default/production/_ext/1171490990/exceptions.o
                0x0000000000004890                MemoryManagement_Handler

.text.BusFault_Handler%132
                0x0000000000004892        0x2
 .text.BusFault_Handler
                0x0000000000004892        0x2 build/default/production/_ext/1171490990/exceptions.o
                0x0000000000004892                BusFault_Handler

.text.UsageFault_Handler%133
                0x0000000000004894        0x2
 .text.UsageFault_Handler
                0x0000000000004894        0x2 build/default/production/_ext/1171490990/exceptions.o
                0x0000000000004894                UsageFault_Handler

.text.Dummy_App_Func%134
                0x0000000000004896        0x2
 .text.Dummy_App_Func
                0x0000000000004896        0x2 build/default/production/_ext/1171490990/startup_xc32.o
                0x0000000000004896                _on_reset
                0x0000000000004896                _on_bootstrap
                0x0000000000004896                __xc32_on_reset
                0x0000000000004896                Dummy_App_Func
                0x0000000000004896                __xc32_on_bootstrap

.text.__dummy%135
                0x0000000000004898        0x2
 .text.__dummy  0x0000000000004898        0x2 c:/program files/microchip/xc32/v4.45/bin/bin/../../lib/gcc/pic32c/8.3.1/../../../../pic32c/lib/thumb/v7e-m+fp/hard\libc-musl.a(__libc_start_main.o)
                0x0000000000004898                __init_stdio
                0x0000000000004898                __init_host
